[2026-03-13 11:11:40] Démarrage du scan
======================================================
 Lambda scan : 10 valeurs × 5 runs
 Total : 50 simulations en parallèle
======================================================
[2026-03-13 11:11:40] [λ=0.10] C_O_B=180.7000  H_O_B=51.0800
[2026-03-13 11:11:40] [λ=0.10 run 1] Préparé (seed=1338, cœurs=0-3)
[2026-03-13 11:11:40] [λ=0.10 run 1] Simulation DL_POLY démarrée...
[2026-03-13 11:11:41] [λ=0.10 run 1] En attente du process DL_POLY (PID=750614)...
[2026-03-13 11:18:16] [λ=0.10 run 1] Simulation DL_POLY terminée.
[2026-03-13 11:18:16] [λ=0.10 run 1] Analyse thermodynamique...
[2026-03-13 11:18:16] [λ=0.10 run 1] thermoDynamics.py OK.
[2026-03-13 11:18:16] [λ=0.10 run 1] Calcul MSD (C)...
[2026-03-13 11:18:16] [λ=0.10 run 1] calculateMSD.py C OK.
[2026-03-13 11:18:16] [λ=0.10 run 1] Calcul MSD (H)...
[2026-03-13 11:18:16] [λ=0.10 run 1] calculateMSD.py H OK.
[2026-03-13 11:18:16] [λ=0.10 run 1] Run complet.
[2026-03-13 11:18:16] [λ=0.10 run 2] Préparé (seed=1339, cœurs=4-7)
[2026-03-13 11:18:16] [λ=0.10 run 2] Simulation DL_POLY démarrée...
[2026-03-13 11:18:16] [λ=0.10 run 2] En attente du process DL_POLY (PID=750921)...
[2026-03-13 11:24:51] [λ=0.10 run 2] Simulation DL_POLY terminée.
[2026-03-13 11:24:51] [λ=0.10 run 2] Analyse thermodynamique...
[2026-03-13 11:24:52] [λ=0.10 run 2] thermoDynamics.py OK.
[2026-03-13 11:24:52] [λ=0.10 run 2] Calcul MSD (C)...
[2026-03-13 11:24:52] [λ=0.10 run 2] calculateMSD.py C OK.
[2026-03-13 11:24:52] [λ=0.10 run 2] Calcul MSD (H)...
[2026-03-13 11:24:52] [λ=0.10 run 2] calculateMSD.py H OK.
[2026-03-13 11:24:52] [λ=0.10 run 2] Run complet.
[2026-03-13 11:24:52] [λ=0.10 run 3] Préparé (seed=1340, cœurs=8-11)
[2026-03-13 11:24:52] [λ=0.10 run 3] Simulation DL_POLY démarrée...
[2026-03-13 11:24:52] [λ=0.10 run 3] En attente du process DL_POLY (PID=751249)...
[2026-03-13 11:31:27] [λ=0.10 run 3] Simulation DL_POLY terminée.
[2026-03-13 11:31:27] [λ=0.10 run 3] Analyse thermodynamique...
[2026-03-13 11:31:27] [λ=0.10 run 3] thermoDynamics.py OK.
[2026-03-13 11:31:27] [λ=0.10 run 3] Calcul MSD (C)...
[2026-03-13 11:31:27] [λ=0.10 run 3] calculateMSD.py C OK.
[2026-03-13 11:31:27] [λ=0.10 run 3] Calcul MSD (H)...
[2026-03-13 11:31:27] [λ=0.10 run 3] calculateMSD.py H OK.
[2026-03-13 11:31:27] [λ=0.10 run 3] Run complet.
[2026-03-13 11:31:27] [λ=0.10 run 4] Préparé (seed=1341, cœurs=12-15)
[2026-03-13 11:31:27] [λ=0.10 run 4] Simulation DL_POLY démarrée...
[2026-03-13 11:31:27] [λ=0.10 run 4] En attente du process DL_POLY (PID=751519)...
[2026-03-13 11:38:03] [λ=0.10 run 4] Simulation DL_POLY terminée.
[2026-03-13 11:38:03] [λ=0.10 run 4] Analyse thermodynamique...
[2026-03-13 11:38:03] [λ=0.10 run 4] thermoDynamics.py OK.
[2026-03-13 11:38:03] [λ=0.10 run 4] Calcul MSD (C)...
[2026-03-13 11:38:03] [λ=0.10 run 4] calculateMSD.py C OK.
[2026-03-13 11:38:03] [λ=0.10 run 4] Calcul MSD (H)...
[2026-03-13 11:38:03] [λ=0.10 run 4] calculateMSD.py H OK.
[2026-03-13 11:38:03] [λ=0.10 run 4] Run complet.
[2026-03-13 11:38:03] [λ=0.10 run 5] Préparé (seed=1342, cœurs=16-19)
[2026-03-13 11:38:03] [λ=0.10 run 5] Simulation DL_POLY démarrée...
[2026-03-13 11:38:03] [λ=0.20] C_O_B=361.4000  H_O_B=102.1600
[2026-03-13 11:38:03] [λ=0.10 run 5] En attente du process DL_POLY (PID=751861)...
[2026-03-13 11:44:38] [λ=0.10 run 5] Simulation DL_POLY terminée.
[2026-03-13 11:44:38] [λ=0.10 run 5] Analyse thermodynamique...
[2026-03-13 11:44:39] [λ=0.10 run 5] thermoDynamics.py OK.
[2026-03-13 11:44:39] [λ=0.10 run 5] Calcul MSD (C)...
[2026-03-13 11:44:39] [λ=0.10 run 5] calculateMSD.py C OK.
[2026-03-13 11:44:39] [λ=0.10 run 5] Calcul MSD (H)...
[2026-03-13 11:44:39] [λ=0.10 run 5] calculateMSD.py H OK.
[2026-03-13 11:44:39] [λ=0.10 run 5] Run complet.
[2026-03-13 11:44:39] [λ=0.20 run 1] Préparé (seed=1343, cœurs=20-23)
[2026-03-13 11:44:39] [λ=0.20 run 1] Simulation DL_POLY démarrée...
[2026-03-13 11:44:39] [λ=0.20 run 1] En attente du process DL_POLY (PID=752133)...
[2026-03-13 11:51:14] [λ=0.20 run 1] Simulation DL_POLY terminée.
[2026-03-13 11:51:14] [λ=0.20 run 1] Analyse thermodynamique...
[2026-03-13 11:51:14] [λ=0.20 run 1] thermoDynamics.py OK.
[2026-03-13 11:51:14] [λ=0.20 run 1] Calcul MSD (C)...
[2026-03-13 11:51:14] [λ=0.20 run 1] calculateMSD.py C OK.
[2026-03-13 11:51:14] [λ=0.20 run 1] Calcul MSD (H)...
[2026-03-13 11:51:14] [λ=0.20 run 1] calculateMSD.py H OK.
[2026-03-13 11:51:14] [λ=0.20 run 1] Run complet.
[2026-03-13 11:51:14] [λ=0.20 run 2] Préparé (seed=1344, cœurs=24-27)
[2026-03-13 11:51:14] [λ=0.20 run 2] Simulation DL_POLY démarrée...
[2026-03-13 11:51:14] [λ=0.20 run 2] En attente du process DL_POLY (PID=752436)...
[2026-03-13 11:57:50] [λ=0.20 run 2] Simulation DL_POLY terminée.
[2026-03-13 11:57:50] [λ=0.20 run 2] Analyse thermodynamique...
[2026-03-13 11:57:50] [λ=0.20 run 2] thermoDynamics.py OK.
[2026-03-13 11:57:50] [λ=0.20 run 2] Calcul MSD (C)...
[2026-03-13 11:57:50] [λ=0.20 run 2] calculateMSD.py C OK.
[2026-03-13 11:57:50] [λ=0.20 run 2] Calcul MSD (H)...
[2026-03-13 11:57:50] [λ=0.20 run 2] calculateMSD.py H OK.
[2026-03-13 11:57:50] [λ=0.20 run 2] Run complet.
[2026-03-13 11:57:50] [λ=0.20 run 3] Préparé (seed=1345, cœurs=28-31)
[2026-03-13 11:57:50] [λ=0.20 run 3] Simulation DL_POLY démarrée...
[2026-03-13 11:57:50] [λ=0.20 run 3] En attente du process DL_POLY (PID=752653)...
[2026-03-13 12:04:30] [λ=0.20 run 3] Simulation DL_POLY terminée.
[2026-03-13 12:04:30] [λ=0.20 run 3] Analyse thermodynamique...
[2026-03-13 12:04:31] [λ=0.20 run 3] thermoDynamics.py OK.
[2026-03-13 12:04:31] [λ=0.20 run 3] Calcul MSD (C)...
[2026-03-13 12:04:31] [λ=0.20 run 3] calculateMSD.py C OK.
[2026-03-13 12:04:31] [λ=0.20 run 3] Calcul MSD (H)...
[2026-03-13 12:04:31] [λ=0.20 run 3] calculateMSD.py H OK.
[2026-03-13 12:04:31] [λ=0.20 run 3] Run complet.
[2026-03-13 12:04:31] [λ=0.20 run 4] Préparé (seed=1346, cœurs=32-35)
[2026-03-13 12:04:31] [λ=0.20 run 4] Simulation DL_POLY démarrée...
[2026-03-13 12:04:31] [λ=0.20 run 4] En attente du process DL_POLY (PID=752868)...
[2026-03-13 12:11:06] [λ=0.20 run 4] Simulation DL_POLY terminée.
[2026-03-13 12:11:06] [λ=0.20 run 4] Analyse thermodynamique...
[2026-03-13 12:11:06] [λ=0.20 run 4] thermoDynamics.py OK.
[2026-03-13 12:11:06] [λ=0.20 run 4] Calcul MSD (C)...
[2026-03-13 12:11:06] [λ=0.20 run 4] calculateMSD.py C OK.
[2026-03-13 12:11:06] [λ=0.20 run 4] Calcul MSD (H)...
[2026-03-13 12:11:06] [λ=0.20 run 4] calculateMSD.py H OK.
[2026-03-13 12:11:06] [λ=0.20 run 4] Run complet.
[2026-03-13 12:11:06] [λ=0.20 run 5] Préparé (seed=1347, cœurs=36-39)
[2026-03-13 12:11:06] [λ=0.20 run 5] Simulation DL_POLY démarrée...
[2026-03-13 12:11:06] [λ=0.30] C_O_B=542.1000  H_O_B=153.2400
[2026-03-13 12:11:06] [λ=0.20 run 5] En attente du process DL_POLY (PID=753080)...
[2026-03-13 12:17:42] [λ=0.20 run 5] Simulation DL_POLY terminée.
[2026-03-13 12:17:42] [λ=0.20 run 5] Analyse thermodynamique...
[2026-03-13 12:17:42] [λ=0.20 run 5] thermoDynamics.py OK.
[2026-03-13 12:17:42] [λ=0.20 run 5] Calcul MSD (C)...
[2026-03-13 12:17:42] [λ=0.20 run 5] calculateMSD.py C OK.
[2026-03-13 12:17:42] [λ=0.20 run 5] Calcul MSD (H)...
[2026-03-13 12:17:42] [λ=0.20 run 5] calculateMSD.py H OK.
[2026-03-13 12:17:42] [λ=0.20 run 5] Run complet.
[2026-03-13 12:17:42] [λ=0.30 run 1] Préparé (seed=1348, cœurs=40-43)
[2026-03-13 12:17:42] [λ=0.30 run 1] Simulation DL_POLY démarrée...
[2026-03-13 12:17:42] [λ=0.30 run 1] En attente du process DL_POLY (PID=753542)...
[2026-03-13 12:24:17] [λ=0.30 run 1] Simulation DL_POLY terminée.
[2026-03-13 12:24:17] [λ=0.30 run 1] Analyse thermodynamique...
[2026-03-13 12:24:17] [λ=0.30 run 1] thermoDynamics.py OK.
[2026-03-13 12:24:17] [λ=0.30 run 1] Calcul MSD (C)...
[2026-03-13 12:24:18] [λ=0.30 run 1] calculateMSD.py C OK.
[2026-03-13 12:24:18] [λ=0.30 run 1] Calcul MSD (H)...
[2026-03-13 12:24:18] [λ=0.30 run 1] calculateMSD.py H OK.
[2026-03-13 12:24:18] [λ=0.30 run 1] Run complet.
[2026-03-13 12:24:18] [λ=0.30 run 2] Préparé (seed=1349, cœurs=44-47)
[2026-03-13 12:24:18] [λ=0.30 run 2] Simulation DL_POLY démarrée...
[2026-03-13 12:24:18] [λ=0.30 run 2] En attente du process DL_POLY (PID=753763)...
[2026-03-13 12:30:53] [λ=0.30 run 2] Simulation DL_POLY terminée.
[2026-03-13 12:30:53] [λ=0.30 run 2] Analyse thermodynamique...
[2026-03-13 12:30:53] [λ=0.30 run 2] thermoDynamics.py OK.
[2026-03-13 12:30:53] [λ=0.30 run 2] Calcul MSD (C)...
[2026-03-13 12:30:53] [λ=0.30 run 2] calculateMSD.py C OK.
[2026-03-13 12:30:53] [λ=0.30 run 2] Calcul MSD (H)...
[2026-03-13 12:30:53] [λ=0.30 run 2] calculateMSD.py H OK.
[2026-03-13 12:30:53] [λ=0.30 run 2] Run complet.
[2026-03-13 12:30:53] [λ=0.30 run 3] Préparé (seed=1350, cœurs=48-51)
[2026-03-13 12:30:53] [λ=0.30 run 3] Simulation DL_POLY démarrée...
[2026-03-13 12:30:53] [λ=0.30 run 3] En attente du process DL_POLY (PID=754001)...
[2026-03-13 12:37:29] [λ=0.30 run 3] Simulation DL_POLY terminée.
[2026-03-13 12:37:29] [λ=0.30 run 3] Analyse thermodynamique...
[2026-03-13 12:37:29] [λ=0.30 run 3] thermoDynamics.py OK.
[2026-03-13 12:37:29] [λ=0.30 run 3] Calcul MSD (C)...
[2026-03-13 12:37:29] [λ=0.30 run 3] calculateMSD.py C OK.
[2026-03-13 12:37:29] [λ=0.30 run 3] Calcul MSD (H)...
[2026-03-13 12:37:29] [λ=0.30 run 3] calculateMSD.py H OK.
[2026-03-13 12:37:29] [λ=0.30 run 3] Run complet.
[2026-03-13 12:37:29] [λ=0.30 run 4] Préparé (seed=1351, cœurs=52-55)
[2026-03-13 12:37:29] [λ=0.30 run 4] Simulation DL_POLY démarrée...
[2026-03-13 12:37:29] [λ=0.30 run 4] En attente du process DL_POLY (PID=754239)...
[2026-03-13 12:44:04] [λ=0.30 run 4] Simulation DL_POLY terminée.
[2026-03-13 12:44:04] [λ=0.30 run 4] Analyse thermodynamique...
[2026-03-13 12:44:04] [λ=0.30 run 4] thermoDynamics.py OK.
[2026-03-13 12:44:04] [λ=0.30 run 4] Calcul MSD (C)...
[2026-03-13 12:44:05] [λ=0.30 run 4] calculateMSD.py C OK.
[2026-03-13 12:44:05] [λ=0.30 run 4] Calcul MSD (H)...
[2026-03-13 12:44:05] [λ=0.30 run 4] calculateMSD.py H OK.
[2026-03-13 12:44:05] [λ=0.30 run 4] Run complet.
[2026-03-13 12:44:05] [λ=0.30 run 5] Préparé (seed=1352, cœurs=56-59)
[2026-03-13 12:44:05] [λ=0.30 run 5] Simulation DL_POLY démarrée...
[2026-03-13 12:44:05] [λ=0.40] C_O_B=722.8000  H_O_B=204.3200
[2026-03-13 12:44:05] [λ=0.30 run 5] En attente du process DL_POLY (PID=754495)...
[2026-03-13 12:50:40] [λ=0.30 run 5] Simulation DL_POLY terminée.
[2026-03-13 12:50:40] [λ=0.30 run 5] Analyse thermodynamique...
[2026-03-13 12:50:40] [λ=0.30 run 5] thermoDynamics.py OK.
[2026-03-13 12:50:40] [λ=0.30 run 5] Calcul MSD (C)...
[2026-03-13 12:50:40] [λ=0.30 run 5] calculateMSD.py C OK.
[2026-03-13 12:50:40] [λ=0.30 run 5] Calcul MSD (H)...
[2026-03-13 12:50:40] [λ=0.30 run 5] calculateMSD.py H OK.
[2026-03-13 12:50:40] [λ=0.30 run 5] Run complet.
[2026-03-13 12:50:40] [λ=0.40 run 1] Préparé (seed=1353, cœurs=60-63)
[2026-03-13 12:50:40] [λ=0.40 run 1] Simulation DL_POLY démarrée...
[2026-03-13 12:50:40] [λ=0.40 run 1] En attente du process DL_POLY (PID=754738)...
[2026-03-13 12:57:15] [λ=0.40 run 1] Simulation DL_POLY terminée.
[2026-03-13 12:57:15] [λ=0.40 run 1] Analyse thermodynamique...
[2026-03-13 12:57:16] [λ=0.40 run 1] thermoDynamics.py OK.
[2026-03-13 12:57:16] [λ=0.40 run 1] Calcul MSD (C)...
[2026-03-13 12:57:16] [λ=0.40 run 1] calculateMSD.py C OK.
[2026-03-13 12:57:16] [λ=0.40 run 1] Calcul MSD (H)...
[2026-03-13 12:57:16] [λ=0.40 run 1] calculateMSD.py H OK.
[2026-03-13 12:57:16] [λ=0.40 run 1] Run complet.
[2026-03-13 12:57:16] [λ=0.40 run 2] Préparé (seed=1354, cœurs=64-67)
[2026-03-13 12:57:16] [λ=0.40 run 2] Simulation DL_POLY démarrée...
[2026-03-13 12:57:16] [λ=0.40 run 2] En attente du process DL_POLY (PID=754942)...
[2026-03-13 13:03:51] [λ=0.40 run 2] Simulation DL_POLY terminée.
[2026-03-13 13:03:51] [λ=0.40 run 2] Analyse thermodynamique...
[2026-03-13 13:03:51] [λ=0.40 run 2] thermoDynamics.py OK.
[2026-03-13 13:03:51] [λ=0.40 run 2] Calcul MSD (C)...
[2026-03-13 13:03:51] [λ=0.40 run 2] calculateMSD.py C OK.
[2026-03-13 13:03:51] [λ=0.40 run 2] Calcul MSD (H)...
[2026-03-13 13:03:52] [λ=0.40 run 2] calculateMSD.py H OK.
[2026-03-13 13:03:52] [λ=0.40 run 2] Run complet.
[2026-03-13 13:03:52] [λ=0.40 run 3] Préparé (seed=1355, cœurs=68-71)
[2026-03-13 13:03:52] [λ=0.40 run 3] Simulation DL_POLY démarrée...
[2026-03-13 13:03:52] [λ=0.40 run 3] En attente du process DL_POLY (PID=755163)...
[2026-03-13 13:10:27] [λ=0.40 run 3] Simulation DL_POLY terminée.
[2026-03-13 13:10:27] [λ=0.40 run 3] Analyse thermodynamique...
[2026-03-13 13:10:27] [λ=0.40 run 3] thermoDynamics.py OK.
[2026-03-13 13:10:27] [λ=0.40 run 3] Calcul MSD (C)...
[2026-03-13 13:10:27] [λ=0.40 run 3] calculateMSD.py C OK.
[2026-03-13 13:10:27] [λ=0.40 run 3] Calcul MSD (H)...
[2026-03-13 13:10:27] [λ=0.40 run 3] calculateMSD.py H OK.
[2026-03-13 13:10:27] [λ=0.40 run 3] Run complet.
[2026-03-13 13:10:27] [λ=0.40 run 4] Préparé (seed=1356, cœurs=72-75)
[2026-03-13 13:10:27] [λ=0.40 run 4] Simulation DL_POLY démarrée...
[2026-03-13 13:10:27] [λ=0.40 run 4] En attente du process DL_POLY (PID=755441)...
[2026-03-13 13:17:02] [λ=0.40 run 4] Simulation DL_POLY terminée.
[2026-03-13 13:17:02] [λ=0.40 run 4] Analyse thermodynamique...
[2026-03-13 13:17:03] [λ=0.40 run 4] thermoDynamics.py OK.
[2026-03-13 13:17:03] [λ=0.40 run 4] Calcul MSD (C)...
[2026-03-13 13:17:03] [λ=0.40 run 4] calculateMSD.py C OK.
[2026-03-13 13:17:03] [λ=0.40 run 4] Calcul MSD (H)...
[2026-03-13 13:17:03] [λ=0.40 run 4] calculateMSD.py H OK.
[2026-03-13 13:17:03] [λ=0.40 run 4] Run complet.
[2026-03-13 13:17:03] [λ=0.40 run 5] Préparé (seed=1357, cœurs=76-79)
[2026-03-13 13:17:03] [λ=0.40 run 5] Simulation DL_POLY démarrée...
[2026-03-13 13:17:03] [λ=0.50] C_O_B=903.5000  H_O_B=255.4000
[2026-03-13 13:17:03] [λ=0.40 run 5] En attente du process DL_POLY (PID=755667)...
[2026-03-13 13:23:38] [λ=0.40 run 5] Simulation DL_POLY terminée.
[2026-03-13 13:23:38] [λ=0.40 run 5] Analyse thermodynamique...
[2026-03-13 13:23:38] [λ=0.40 run 5] thermoDynamics.py OK.
[2026-03-13 13:23:38] [λ=0.40 run 5] Calcul MSD (C)...
[2026-03-13 13:23:38] [λ=0.40 run 5] calculateMSD.py C OK.
[2026-03-13 13:23:38] [λ=0.40 run 5] Calcul MSD (H)...
[2026-03-13 13:23:39] [λ=0.40 run 5] calculateMSD.py H OK.
[2026-03-13 13:23:39] [λ=0.40 run 5] Run complet.
[2026-03-13 13:23:39] [λ=0.50 run 1] Préparé (seed=1358, cœurs=80-83)
[2026-03-13 13:23:39] [λ=0.50 run 1] Simulation DL_POLY démarrée...
[2026-03-13 13:23:39] [λ=0.50 run 1] En attente du process DL_POLY (PID=755892)...
[2026-03-13 13:30:14] [λ=0.50 run 1] Simulation DL_POLY terminée.
[2026-03-13 13:30:14] [λ=0.50 run 1] Analyse thermodynamique...
[2026-03-13 13:30:14] [λ=0.50 run 1] thermoDynamics.py OK.
[2026-03-13 13:30:14] [λ=0.50 run 1] Calcul MSD (C)...
[2026-03-13 13:30:14] [λ=0.50 run 1] calculateMSD.py C OK.
[2026-03-13 13:30:14] [λ=0.50 run 1] Calcul MSD (H)...
[2026-03-13 13:30:14] [λ=0.50 run 1] calculateMSD.py H OK.
[2026-03-13 13:30:14] [λ=0.50 run 1] Run complet.
[2026-03-13 13:30:14] [λ=0.50 run 2] Préparé (seed=1359, cœurs=84-87)
[2026-03-13 13:30:14] [λ=0.50 run 2] Simulation DL_POLY démarrée...
[2026-03-13 13:30:14] [λ=0.50 run 2] En attente du process DL_POLY (PID=756169)...
[2026-03-13 13:36:49] [λ=0.50 run 2] Simulation DL_POLY terminée.
[2026-03-13 13:36:49] [λ=0.50 run 2] Analyse thermodynamique...
[2026-03-13 13:36:50] [λ=0.50 run 2] thermoDynamics.py OK.
[2026-03-13 13:36:50] [λ=0.50 run 2] Calcul MSD (C)...
[2026-03-13 13:36:50] [λ=0.50 run 2] calculateMSD.py C OK.
[2026-03-13 13:36:50] [λ=0.50 run 2] Calcul MSD (H)...
[2026-03-13 13:36:50] [λ=0.50 run 2] calculateMSD.py H OK.
[2026-03-13 13:36:50] [λ=0.50 run 2] Run complet.
[2026-03-13 13:36:50] [λ=0.50 run 3] Préparé (seed=1360, cœurs=88-91)
[2026-03-13 13:36:50] [λ=0.50 run 3] Simulation DL_POLY démarrée...
[2026-03-13 13:36:50] [λ=0.50 run 3] En attente du process DL_POLY (PID=756418)...
[2026-03-13 13:43:25] [λ=0.50 run 3] Simulation DL_POLY terminée.
[2026-03-13 13:43:25] [λ=0.50 run 3] Analyse thermodynamique...
[2026-03-13 13:43:25] [λ=0.50 run 3] thermoDynamics.py OK.
[2026-03-13 13:43:25] [λ=0.50 run 3] Calcul MSD (C)...
[2026-03-13 13:43:25] [λ=0.50 run 3] calculateMSD.py C OK.
[2026-03-13 13:43:25] [λ=0.50 run 3] Calcul MSD (H)...
[2026-03-13 13:43:25] [λ=0.50 run 3] calculateMSD.py H OK.
[2026-03-13 13:43:25] [λ=0.50 run 3] Run complet.
[2026-03-13 13:43:26] [λ=0.50 run 4] Préparé (seed=1361, cœurs=92-95)
[2026-03-13 13:43:26] [λ=0.50 run 4] Simulation DL_POLY démarrée...
[2026-03-13 13:43:26] [λ=0.50 run 4] En attente du process DL_POLY (PID=756666)...
[2026-03-13 13:50:01] [λ=0.50 run 4] Simulation DL_POLY terminée.
[2026-03-13 13:50:01] [λ=0.50 run 4] Analyse thermodynamique...
[2026-03-13 13:50:01] [λ=0.50 run 4] thermoDynamics.py OK.
[2026-03-13 13:50:01] [λ=0.50 run 4] Calcul MSD (C)...
[2026-03-13 13:50:01] [λ=0.50 run 4] calculateMSD.py C OK.
[2026-03-13 13:50:01] [λ=0.50 run 4] Calcul MSD (H)...
[2026-03-13 13:50:01] [λ=0.50 run 4] calculateMSD.py H OK.
[2026-03-13 13:50:01] [λ=0.50 run 4] Run complet.
[2026-03-13 13:50:01] [λ=0.50 run 5] Préparé (seed=1362, cœurs=96-99)
[2026-03-13 13:50:01] [λ=0.50 run 5] Simulation DL_POLY démarrée...
[2026-03-13 13:50:01] [λ=0.60] C_O_B=1084.2000  H_O_B=306.4800
[2026-03-13 13:50:01] [λ=0.50 run 5] En attente du process DL_POLY (PID=756977)...
[2026-03-13 13:56:36] [λ=0.50 run 5] Simulation DL_POLY terminée.
[2026-03-13 13:56:36] [λ=0.50 run 5] Analyse thermodynamique...
[2026-03-13 13:56:37] [λ=0.50 run 5] thermoDynamics.py OK.
[2026-03-13 13:56:37] [λ=0.50 run 5] Calcul MSD (C)...
[2026-03-13 13:56:37] [λ=0.50 run 5] calculateMSD.py C OK.
[2026-03-13 13:56:37] [λ=0.50 run 5] Calcul MSD (H)...
[2026-03-13 13:56:37] [λ=0.50 run 5] calculateMSD.py H OK.
[2026-03-13 13:56:37] [λ=0.50 run 5] Run complet.
[2026-03-13 13:56:37] [λ=0.60 run 1] Préparé (seed=1363, cœurs=0-3)
[2026-03-13 13:56:37] [λ=0.60 run 1] Simulation DL_POLY démarrée...
[2026-03-13 13:56:37] [λ=0.60 run 1] En attente du process DL_POLY (PID=757201)...
[2026-03-13 14:03:12] [λ=0.60 run 1] Simulation DL_POLY terminée.
[2026-03-13 14:03:12] [λ=0.60 run 1] Analyse thermodynamique...
[2026-03-13 14:03:12] [λ=0.60 run 1] thermoDynamics.py OK.
[2026-03-13 14:03:12] [λ=0.60 run 1] Calcul MSD (C)...
[2026-03-13 14:03:12] [λ=0.60 run 1] calculateMSD.py C OK.
[2026-03-13 14:03:12] [λ=0.60 run 1] Calcul MSD (H)...
[2026-03-13 14:03:12] [λ=0.60 run 1] calculateMSD.py H OK.
[2026-03-13 14:03:12] [λ=0.60 run 1] Run complet.
[2026-03-13 14:03:12] [λ=0.60 run 2] Préparé (seed=1364, cœurs=4-7)
[2026-03-13 14:03:12] [λ=0.60 run 2] Simulation DL_POLY démarrée...
[2026-03-13 14:03:12] [λ=0.60 run 2] En attente du process DL_POLY (PID=757735)...
[2026-03-13 14:09:48] [λ=0.60 run 2] Simulation DL_POLY terminée.
[2026-03-13 14:09:48] [λ=0.60 run 2] Analyse thermodynamique...
[2026-03-13 14:09:48] [λ=0.60 run 2] thermoDynamics.py OK.
[2026-03-13 14:09:48] [λ=0.60 run 2] Calcul MSD (C)...
[2026-03-13 14:09:48] [λ=0.60 run 2] calculateMSD.py C OK.
[2026-03-13 14:09:48] [λ=0.60 run 2] Calcul MSD (H)...
[2026-03-13 14:09:48] [λ=0.60 run 2] calculateMSD.py H OK.
[2026-03-13 14:09:48] [λ=0.60 run 2] Run complet.
[2026-03-13 14:09:48] [λ=0.60 run 3] Préparé (seed=1365, cœurs=8-11)
[2026-03-13 14:09:48] [λ=0.60 run 3] Simulation DL_POLY démarrée...
[2026-03-13 14:09:48] [λ=0.60 run 3] En attente du process DL_POLY (PID=757971)...
[2026-03-13 14:16:23] [λ=0.60 run 3] Simulation DL_POLY terminée.
[2026-03-13 14:16:23] [λ=0.60 run 3] Analyse thermodynamique...
[2026-03-13 14:16:24] [λ=0.60 run 3] thermoDynamics.py OK.
[2026-03-13 14:16:24] [λ=0.60 run 3] Calcul MSD (C)...
[2026-03-13 14:16:24] [λ=0.60 run 3] calculateMSD.py C OK.
[2026-03-13 14:16:24] [λ=0.60 run 3] Calcul MSD (H)...
[2026-03-13 14:16:24] [λ=0.60 run 3] calculateMSD.py H OK.
[2026-03-13 14:16:24] [λ=0.60 run 3] Run complet.
[2026-03-13 14:16:24] [λ=0.60 run 4] Préparé (seed=1366, cœurs=12-15)
[2026-03-13 14:16:24] [λ=0.60 run 4] Simulation DL_POLY démarrée...
[2026-03-13 14:16:24] [λ=0.60 run 4] En attente du process DL_POLY (PID=758175)...
[2026-03-13 14:22:59] [λ=0.60 run 4] Simulation DL_POLY terminée.
[2026-03-13 14:22:59] [λ=0.60 run 4] Analyse thermodynamique...
[2026-03-13 14:22:59] [λ=0.60 run 4] thermoDynamics.py OK.
[2026-03-13 14:22:59] [λ=0.60 run 4] Calcul MSD (C)...
[2026-03-13 14:22:59] [λ=0.60 run 4] calculateMSD.py C OK.
[2026-03-13 14:22:59] [λ=0.60 run 4] Calcul MSD (H)...
[2026-03-13 14:22:59] [λ=0.60 run 4] calculateMSD.py H OK.
[2026-03-13 14:22:59] [λ=0.60 run 4] Run complet.
[2026-03-13 14:22:59] [λ=0.60 run 5] Préparé (seed=1367, cœurs=16-19)
[2026-03-13 14:22:59] [λ=0.60 run 5] Simulation DL_POLY démarrée...
[2026-03-13 14:22:59] [λ=0.70] C_O_B=1264.9000  H_O_B=357.5600
[2026-03-13 14:22:59] [λ=0.60 run 5] En attente du process DL_POLY (PID=758504)...
[2026-03-13 14:29:35] [λ=0.60 run 5] Simulation DL_POLY terminée.
[2026-03-13 14:29:35] [λ=0.60 run 5] Analyse thermodynamique...
[2026-03-13 14:29:35] [λ=0.60 run 5] thermoDynamics.py OK.
[2026-03-13 14:29:35] [λ=0.60 run 5] Calcul MSD (C)...
[2026-03-13 14:29:35] [λ=0.60 run 5] calculateMSD.py C OK.
[2026-03-13 14:29:35] [λ=0.60 run 5] Calcul MSD (H)...
[2026-03-13 14:29:35] [λ=0.60 run 5] calculateMSD.py H OK.
[2026-03-13 14:29:35] [λ=0.60 run 5] Run complet.
[2026-03-13 14:29:35] [λ=0.70 run 1] Préparé (seed=1368, cœurs=20-23)
[2026-03-13 14:29:35] [λ=0.70 run 1] Simulation DL_POLY démarrée...
[2026-03-13 14:29:35] [λ=0.70 run 1] En attente du process DL_POLY (PID=759090)...
[2026-03-13 14:36:10] [λ=0.70 run 1] Simulation DL_POLY terminée.
[2026-03-13 14:36:10] [λ=0.70 run 1] Analyse thermodynamique...
[2026-03-13 14:36:11] [λ=0.70 run 1] thermoDynamics.py OK.
[2026-03-13 14:36:11] [λ=0.70 run 1] Calcul MSD (C)...
[2026-03-13 14:36:11] [λ=0.70 run 1] calculateMSD.py C OK.
[2026-03-13 14:36:11] [λ=0.70 run 1] Calcul MSD (H)...
[2026-03-13 14:36:11] [λ=0.70 run 1] calculateMSD.py H OK.
[2026-03-13 14:36:11] [λ=0.70 run 1] Run complet.
[2026-03-13 14:36:11] [λ=0.70 run 2] Préparé (seed=1369, cœurs=24-27)
[2026-03-13 14:36:11] [λ=0.70 run 2] Simulation DL_POLY démarrée...
[2026-03-13 14:36:11] [λ=0.70 run 2] En attente du process DL_POLY (PID=759603)...
[2026-03-13 14:42:46] [λ=0.70 run 2] Simulation DL_POLY terminée.
[2026-03-13 14:42:46] [λ=0.70 run 2] Analyse thermodynamique...
[2026-03-13 14:42:46] [λ=0.70 run 2] thermoDynamics.py OK.
[2026-03-13 14:42:46] [λ=0.70 run 2] Calcul MSD (C)...
[2026-03-13 14:42:46] [λ=0.70 run 2] calculateMSD.py C OK.
[2026-03-13 14:42:46] [λ=0.70 run 2] Calcul MSD (H)...
[2026-03-13 14:42:46] [λ=0.70 run 2] calculateMSD.py H OK.
[2026-03-13 14:42:46] [λ=0.70 run 2] Run complet.
[2026-03-13 14:42:46] [λ=0.70 run 3] Préparé (seed=1370, cœurs=28-31)
[2026-03-13 14:42:46] [λ=0.70 run 3] Simulation DL_POLY démarrée...
[2026-03-13 14:42:46] [λ=0.70 run 3] En attente du process DL_POLY (PID=759861)...
[2026-03-13 14:49:22] [λ=0.70 run 3] Simulation DL_POLY terminée.
[2026-03-13 14:49:22] [λ=0.70 run 3] Analyse thermodynamique...
[2026-03-13 14:49:22] [λ=0.70 run 3] thermoDynamics.py OK.
[2026-03-13 14:49:22] [λ=0.70 run 3] Calcul MSD (C)...
[2026-03-13 14:49:22] [λ=0.70 run 3] calculateMSD.py C OK.
[2026-03-13 14:49:22] [λ=0.70 run 3] Calcul MSD (H)...
[2026-03-13 14:49:22] [λ=0.70 run 3] calculateMSD.py H OK.
[2026-03-13 14:49:22] [λ=0.70 run 3] Run complet.
[2026-03-13 14:49:22] [λ=0.70 run 4] Préparé (seed=1371, cœurs=32-35)
[2026-03-13 14:49:22] [λ=0.70 run 4] Simulation DL_POLY démarrée...
[2026-03-13 14:49:22] [λ=0.70 run 4] En attente du process DL_POLY (PID=760261)...
[2026-03-13 14:55:57] [λ=0.70 run 4] Simulation DL_POLY terminée.
[2026-03-13 14:55:57] [λ=0.70 run 4] Analyse thermodynamique...
[2026-03-13 14:55:57] [λ=0.70 run 4] thermoDynamics.py OK.
[2026-03-13 14:55:57] [λ=0.70 run 4] Calcul MSD (C)...
[2026-03-13 14:55:58] [λ=0.70 run 4] calculateMSD.py C OK.
[2026-03-13 14:55:58] [λ=0.70 run 4] Calcul MSD (H)...
[2026-03-13 14:55:58] [λ=0.70 run 4] calculateMSD.py H OK.
[2026-03-13 14:55:58] [λ=0.70 run 4] Run complet.
[2026-03-13 14:55:58] [λ=0.70 run 5] Préparé (seed=1372, cœurs=36-39)
[2026-03-13 14:55:58] [λ=0.70 run 5] Simulation DL_POLY démarrée...
[2026-03-13 14:55:58] [λ=0.80] C_O_B=1445.6000  H_O_B=408.6400
[2026-03-13 14:55:58] [λ=0.70 run 5] En attente du process DL_POLY (PID=760553)...
[2026-03-13 15:02:33] [λ=0.70 run 5] Simulation DL_POLY terminée.
[2026-03-13 15:02:33] [λ=0.70 run 5] Analyse thermodynamique...
[2026-03-13 15:02:33] [λ=0.70 run 5] thermoDynamics.py OK.
[2026-03-13 15:02:33] [λ=0.70 run 5] Calcul MSD (C)...
[2026-03-13 15:02:33] [λ=0.70 run 5] calculateMSD.py C OK.
[2026-03-13 15:02:33] [λ=0.70 run 5] Calcul MSD (H)...
[2026-03-13 15:02:33] [λ=0.70 run 5] calculateMSD.py H OK.
[2026-03-13 15:02:33] [λ=0.70 run 5] Run complet.
[2026-03-13 15:02:33] [λ=0.80 run 1] Préparé (seed=1373, cœurs=40-43)
[2026-03-13 15:02:33] [λ=0.80 run 1] Simulation DL_POLY démarrée...
[2026-03-13 15:02:33] [λ=0.80 run 1] En attente du process DL_POLY (PID=760791)...
[2026-03-13 15:09:09] [λ=0.80 run 1] Simulation DL_POLY terminée.
[2026-03-13 15:09:09] [λ=0.80 run 1] Analyse thermodynamique...
[2026-03-13 15:09:09] [λ=0.80 run 1] thermoDynamics.py OK.
[2026-03-13 15:09:09] [λ=0.80 run 1] Calcul MSD (C)...
[2026-03-13 15:09:09] [λ=0.80 run 1] calculateMSD.py C OK.
[2026-03-13 15:09:09] [λ=0.80 run 1] Calcul MSD (H)...
[2026-03-13 15:09:09] [λ=0.80 run 1] calculateMSD.py H OK.
[2026-03-13 15:09:09] [λ=0.80 run 1] Run complet.
[2026-03-13 15:09:09] [λ=0.80 run 2] Préparé (seed=1374, cœurs=44-47)
[2026-03-13 15:09:09] [λ=0.80 run 2] Simulation DL_POLY démarrée...
[2026-03-13 15:09:09] [λ=0.80 run 2] En attente du process DL_POLY (PID=761167)...
[2026-03-13 15:15:44] [λ=0.80 run 2] Simulation DL_POLY terminée.
[2026-03-13 15:15:44] [λ=0.80 run 2] Analyse thermodynamique...
[2026-03-13 15:15:44] [λ=0.80 run 2] thermoDynamics.py OK.
[2026-03-13 15:15:44] [λ=0.80 run 2] Calcul MSD (C)...
[2026-03-13 15:15:45] [λ=0.80 run 2] calculateMSD.py C OK.
[2026-03-13 15:15:45] [λ=0.80 run 2] Calcul MSD (H)...
[2026-03-13 15:15:45] [λ=0.80 run 2] calculateMSD.py H OK.
[2026-03-13 15:15:45] [λ=0.80 run 2] Run complet.
[2026-03-13 15:15:45] [λ=0.80 run 3] Préparé (seed=1375, cœurs=48-51)
[2026-03-13 15:15:45] [λ=0.80 run 3] Simulation DL_POLY démarrée...
[2026-03-13 15:15:45] [λ=0.80 run 3] En attente du process DL_POLY (PID=761397)...
[2026-03-13 15:22:20] [λ=0.80 run 3] Simulation DL_POLY terminée.
[2026-03-13 15:22:20] [λ=0.80 run 3] Analyse thermodynamique...
[2026-03-13 15:22:20] [λ=0.80 run 3] thermoDynamics.py OK.
[2026-03-13 15:22:20] [λ=0.80 run 3] Calcul MSD (C)...
[2026-03-13 15:22:20] [λ=0.80 run 3] calculateMSD.py C OK.
[2026-03-13 15:22:20] [λ=0.80 run 3] Calcul MSD (H)...
[2026-03-13 15:22:20] [λ=0.80 run 3] calculateMSD.py H OK.
[2026-03-13 15:22:20] [λ=0.80 run 3] Run complet.
[2026-03-13 15:22:20] [λ=0.80 run 4] Préparé (seed=1376, cœurs=52-55)
[2026-03-13 15:22:20] [λ=0.80 run 4] Simulation DL_POLY démarrée...
[2026-03-13 15:22:20] [λ=0.80 run 4] En attente du process DL_POLY (PID=761613)...
[2026-03-13 15:28:55] [λ=0.80 run 4] Simulation DL_POLY terminée.
[2026-03-13 15:28:55] [λ=0.80 run 4] Analyse thermodynamique...
[2026-03-13 15:28:56] [λ=0.80 run 4] thermoDynamics.py OK.
[2026-03-13 15:28:56] [λ=0.80 run 4] Calcul MSD (C)...
[2026-03-13 15:28:56] [λ=0.80 run 4] calculateMSD.py C OK.
[2026-03-13 15:28:56] [λ=0.80 run 4] Calcul MSD (H)...
[2026-03-13 15:28:56] [λ=0.80 run 4] calculateMSD.py H OK.
[2026-03-13 15:28:56] [λ=0.80 run 4] Run complet.
[2026-03-13 15:28:56] [λ=0.80 run 5] Préparé (seed=1377, cœurs=56-59)
[2026-03-13 15:28:56] [λ=0.80 run 5] Simulation DL_POLY démarrée...
[2026-03-13 15:28:56] [λ=0.90] C_O_B=1626.3000  H_O_B=459.7200
[2026-03-13 15:28:56] [λ=0.80 run 5] En attente du process DL_POLY (PID=761879)...
[2026-03-13 15:35:31] [λ=0.80 run 5] Simulation DL_POLY terminée.
[2026-03-13 15:35:31] [λ=0.80 run 5] Analyse thermodynamique...
[2026-03-13 15:35:31] [λ=0.80 run 5] thermoDynamics.py OK.
[2026-03-13 15:35:31] [λ=0.80 run 5] Calcul MSD (C)...
[2026-03-13 15:35:31] [λ=0.80 run 5] calculateMSD.py C OK.
[2026-03-13 15:35:31] [λ=0.80 run 5] Calcul MSD (H)...
[2026-03-13 15:35:32] [λ=0.80 run 5] calculateMSD.py H OK.
[2026-03-13 15:35:32] [λ=0.80 run 5] Run complet.
[2026-03-13 15:35:32] [λ=0.90 run 1] Préparé (seed=1378, cœurs=60-63)
[2026-03-13 15:35:32] [λ=0.90 run 1] Simulation DL_POLY démarrée...
[2026-03-13 15:35:32] [λ=0.90 run 1] En attente du process DL_POLY (PID=762086)...
[2026-03-13 15:42:07] [λ=0.90 run 1] Simulation DL_POLY terminée.
[2026-03-13 15:42:07] [λ=0.90 run 1] Analyse thermodynamique...
[2026-03-13 15:42:07] [λ=0.90 run 1] thermoDynamics.py OK.
[2026-03-13 15:42:07] [λ=0.90 run 1] Calcul MSD (C)...
[2026-03-13 15:42:07] [λ=0.90 run 1] calculateMSD.py C OK.
[2026-03-13 15:42:07] [λ=0.90 run 1] Calcul MSD (H)...
[2026-03-13 15:42:07] [λ=0.90 run 1] calculateMSD.py H OK.
[2026-03-13 15:42:07] [λ=0.90 run 1] Run complet.
[2026-03-13 15:42:07] [λ=0.90 run 2] Préparé (seed=1379, cœurs=64-67)
[2026-03-13 15:42:07] [λ=0.90 run 2] Simulation DL_POLY démarrée...
[2026-03-13 15:42:07] [λ=0.90 run 2] En attente du process DL_POLY (PID=762472)...
[2026-03-13 15:48:42] [λ=0.90 run 2] Simulation DL_POLY terminée.
[2026-03-13 15:48:42] [λ=0.90 run 2] Analyse thermodynamique...
[2026-03-13 15:48:43] [λ=0.90 run 2] thermoDynamics.py OK.
[2026-03-13 15:48:43] [λ=0.90 run 2] Calcul MSD (C)...
[2026-03-13 15:48:43] [λ=0.90 run 2] calculateMSD.py C OK.
[2026-03-13 15:48:43] [λ=0.90 run 2] Calcul MSD (H)...
[2026-03-13 15:48:43] [λ=0.90 run 2] calculateMSD.py H OK.
[2026-03-13 15:48:43] [λ=0.90 run 2] Run complet.
[2026-03-13 15:48:43] [λ=0.90 run 3] Préparé (seed=1380, cœurs=68-71)
[2026-03-13 15:48:43] [λ=0.90 run 3] Simulation DL_POLY démarrée...
[2026-03-13 15:48:43] [λ=0.90 run 3] En attente du process DL_POLY (PID=762734)...
[2026-03-13 15:55:18] [λ=0.90 run 3] Simulation DL_POLY terminée.
[2026-03-13 15:55:18] [λ=0.90 run 3] Analyse thermodynamique...
[2026-03-13 15:55:18] [λ=0.90 run 3] thermoDynamics.py OK.
[2026-03-13 15:55:18] [λ=0.90 run 3] Calcul MSD (C)...
[2026-03-13 15:55:18] [λ=0.90 run 3] calculateMSD.py C OK.
[2026-03-13 15:55:18] [λ=0.90 run 3] Calcul MSD (H)...
[2026-03-13 15:55:18] [λ=0.90 run 3] calculateMSD.py H OK.
[2026-03-13 15:55:18] [λ=0.90 run 3] Run complet.
[2026-03-13 15:55:19] [λ=0.90 run 4] Préparé (seed=1381, cœurs=72-75)
[2026-03-13 15:55:19] [λ=0.90 run 4] Simulation DL_POLY démarrée...
[2026-03-13 15:55:19] [λ=0.90 run 4] En attente du process DL_POLY (PID=762946)...
[2026-03-13 16:01:54] [λ=0.90 run 4] Simulation DL_POLY terminée.
[2026-03-13 16:01:54] [λ=0.90 run 4] Analyse thermodynamique...
[2026-03-13 16:01:54] [λ=0.90 run 4] thermoDynamics.py OK.
[2026-03-13 16:01:54] [λ=0.90 run 4] Calcul MSD (C)...
[2026-03-13 16:01:54] [λ=0.90 run 4] calculateMSD.py C OK.
[2026-03-13 16:01:54] [λ=0.90 run 4] Calcul MSD (H)...
[2026-03-13 16:01:54] [λ=0.90 run 4] calculateMSD.py H OK.
[2026-03-13 16:01:54] [λ=0.90 run 4] Run complet.
[2026-03-13 16:01:54] [λ=0.90 run 5] Préparé (seed=1382, cœurs=76-79)
[2026-03-13 16:01:54] [λ=0.90 run 5] Simulation DL_POLY démarrée...
[2026-03-13 16:01:54] [λ=1.00] C_O_B=1807.0000  H_O_B=510.8000
[2026-03-13 16:01:54] [λ=0.90 run 5] En attente du process DL_POLY (PID=763236)...
[2026-03-13 16:08:29] [λ=0.90 run 5] Simulation DL_POLY terminée.
[2026-03-13 16:08:29] [λ=0.90 run 5] Analyse thermodynamique...
[2026-03-13 16:08:30] [λ=0.90 run 5] thermoDynamics.py OK.
[2026-03-13 16:08:30] [λ=0.90 run 5] Calcul MSD (C)...
[2026-03-13 16:08:30] [λ=0.90 run 5] calculateMSD.py C OK.
[2026-03-13 16:08:30] [λ=0.90 run 5] Calcul MSD (H)...
[2026-03-13 16:08:30] [λ=0.90 run 5] calculateMSD.py H OK.
[2026-03-13 16:08:30] [λ=0.90 run 5] Run complet.
[2026-03-13 16:08:30] [λ=1.00 run 1] Préparé (seed=1383, cœurs=80-83)
[2026-03-13 16:08:30] [λ=1.00 run 1] Simulation DL_POLY démarrée...
[2026-03-13 16:08:30] [λ=1.00 run 1] En attente du process DL_POLY (PID=763442)...
[2026-03-13 16:15:05] [λ=1.00 run 1] Simulation DL_POLY terminée.
[2026-03-13 16:15:05] [λ=1.00 run 1] Analyse thermodynamique...
[2026-03-13 16:15:05] [λ=1.00 run 1] thermoDynamics.py OK.
[2026-03-13 16:15:05] [λ=1.00 run 1] Calcul MSD (C)...
[2026-03-13 16:15:05] [λ=1.00 run 1] calculateMSD.py C OK.
[2026-03-13 16:15:05] [λ=1.00 run 1] Calcul MSD (H)...
[2026-03-13 16:15:05] [λ=1.00 run 1] calculateMSD.py H OK.
[2026-03-13 16:15:05] [λ=1.00 run 1] Run complet.
[2026-03-13 16:15:05] [λ=1.00 run 2] Préparé (seed=1384, cœurs=84-87)
[2026-03-13 16:15:05] [λ=1.00 run 2] Simulation DL_POLY démarrée...
[2026-03-13 16:15:05] [λ=1.00 run 2] En attente du process DL_POLY (PID=763726)...
[2026-03-13 16:21:41] [λ=1.00 run 2] Simulation DL_POLY terminée.
[2026-03-13 16:21:41] [λ=1.00 run 2] Analyse thermodynamique...
[2026-03-13 16:21:41] [λ=1.00 run 2] thermoDynamics.py OK.
[2026-03-13 16:21:41] [λ=1.00 run 2] Calcul MSD (C)...
[2026-03-13 16:21:41] [λ=1.00 run 2] calculateMSD.py C OK.
[2026-03-13 16:21:41] [λ=1.00 run 2] Calcul MSD (H)...
[2026-03-13 16:21:41] [λ=1.00 run 2] calculateMSD.py H OK.
[2026-03-13 16:21:41] [λ=1.00 run 2] Run complet.
[2026-03-13 16:21:41] [λ=1.00 run 3] Préparé (seed=1385, cœurs=88-91)
[2026-03-13 16:21:41] [λ=1.00 run 3] Simulation DL_POLY démarrée...
[2026-03-13 16:21:41] [λ=1.00 run 3] En attente du process DL_POLY (PID=763953)...
[2026-03-13 16:28:16] [λ=1.00 run 3] Simulation DL_POLY terminée.
[2026-03-13 16:28:16] [λ=1.00 run 3] Analyse thermodynamique...
[2026-03-13 16:28:17] [λ=1.00 run 3] thermoDynamics.py OK.
[2026-03-13 16:28:17] [λ=1.00 run 3] Calcul MSD (C)...
[2026-03-13 16:28:17] [λ=1.00 run 3] calculateMSD.py C OK.
[2026-03-13 16:28:17] [λ=1.00 run 3] Calcul MSD (H)...
[2026-03-13 16:28:17] [λ=1.00 run 3] calculateMSD.py H OK.
[2026-03-13 16:28:17] [λ=1.00 run 3] Run complet.
[2026-03-13 16:28:17] [λ=1.00 run 4] Préparé (seed=1386, cœurs=92-95)
[2026-03-13 16:28:17] [λ=1.00 run 4] Simulation DL_POLY démarrée...
[2026-03-13 16:28:17] [λ=1.00 run 4] En attente du process DL_POLY (PID=764168)...
[2026-03-13 16:34:52] [λ=1.00 run 4] Simulation DL_POLY terminée.
[2026-03-13 16:34:52] [λ=1.00 run 4] Analyse thermodynamique...
[2026-03-13 16:34:52] [λ=1.00 run 4] thermoDynamics.py OK.
[2026-03-13 16:34:52] [λ=1.00 run 4] Calcul MSD (C)...
[2026-03-13 16:34:52] [λ=1.00 run 4] calculateMSD.py C OK.
[2026-03-13 16:34:52] [λ=1.00 run 4] Calcul MSD (H)...
[2026-03-13 16:34:52] [λ=1.00 run 4] calculateMSD.py H OK.
[2026-03-13 16:34:52] [λ=1.00 run 4] Run complet.
[2026-03-13 16:34:52] [λ=1.00 run 5] Préparé (seed=1387, cœurs=96-99)

50 simulations lancées. En attente de la fin...
[2026-03-13 16:34:52] [λ=1.00 run 5] Simulation DL_POLY démarrée...
[2026-03-13 16:34:52] [λ=1.00 run 5] En attente du process DL_POLY (PID=764419)...
[2026-03-13 16:41:28] [λ=1.00 run 5] Simulation DL_POLY terminée.
[2026-03-13 16:41:28] [λ=1.00 run 5] Analyse thermodynamique...
[2026-03-13 16:41:28] [λ=1.00 run 5] thermoDynamics.py OK.
[2026-03-13 16:41:28] [λ=1.00 run 5] Calcul MSD (C)...
[2026-03-13 16:41:28] [λ=1.00 run 5] calculateMSD.py C OK.
[2026-03-13 16:41:28] [λ=1.00 run 5] Calcul MSD (H)...
[2026-03-13 16:41:28] [λ=1.00 run 5] calculateMSD.py H OK.
[2026-03-13 16:41:28] [λ=1.00 run 5] Run complet.

======================================================
 Toutes les simulations sont terminées.
 Résultats dans : lambda_scan/
[2026-03-13 16:41:28] Scan terminé.
======================================================
