[2026-02-27 13:26:33] Démarrage du scan
ERREUR : fichier requis introuvable → files10ps10xlambda/CONFIG
[2026-02-27 13:29:38] Démarrage du scan
======================================================
 Lambda scan : 10 valeurs × 5 runs
 Total : 50 simulations en parallèle
======================================================
[2026-02-27 13:29:38] [λ=0.10] C_O_B=180.7000  H_O_B=51.0800
[2026-02-27 13:29:38] [λ=0.10 run 1] Préparé (seed=1338, cœurs=0-3)
[2026-02-27 13:29:38] [λ=0.10 run 1] Simulation DL_POLY démarrée...
[2026-02-27 13:29:38] [λ=0.10 run 1] En attente du process DL_POLY (PID=560145)...
[2026-02-27 13:30:18] [λ=0.10 run 1] Simulation DL_POLY terminée.
[2026-02-27 13:30:18] [λ=0.10 run 1] Analyse thermodynamique...
[2026-02-27 13:30:18] [λ=0.10 run 1] thermoDynamics.py OK.
[2026-02-27 13:30:18] [λ=0.10 run 1] Calcul MSD (C)...
[2026-02-27 13:30:18] [λ=0.10 run 1] calculateMSD.py C OK.
[2026-02-27 13:30:18] [λ=0.10 run 1] Calcul MSD (H)...
[2026-02-27 13:30:18] [λ=0.10 run 1] calculateMSD.py H OK.
[2026-02-27 13:30:18] [λ=0.10 run 1] Run complet.
[2026-02-27 13:30:18] [λ=0.10 run 2] Préparé (seed=1339, cœurs=4-7)
[2026-02-27 13:30:18] [λ=0.10 run 2] Simulation DL_POLY démarrée...
[2026-02-27 13:30:18] [λ=0.10 run 2] En attente du process DL_POLY (PID=560221)...
[2026-02-27 13:30:58] [λ=0.10 run 2] Simulation DL_POLY terminée.
[2026-02-27 13:30:58] [λ=0.10 run 2] Analyse thermodynamique...
[2026-02-27 13:30:58] [λ=0.10 run 2] thermoDynamics.py OK.
[2026-02-27 13:30:58] [λ=0.10 run 2] Calcul MSD (C)...
[2026-02-27 13:30:59] [λ=0.10 run 2] calculateMSD.py C OK.
[2026-02-27 13:30:59] [λ=0.10 run 2] Calcul MSD (H)...
[2026-02-27 13:30:59] [λ=0.10 run 2] calculateMSD.py H OK.
[2026-02-27 13:30:59] [λ=0.10 run 2] Run complet.
[2026-02-27 13:30:59] [λ=0.10 run 3] Préparé (seed=1340, cœurs=8-11)
[2026-02-27 13:30:59] [λ=0.10 run 3] Simulation DL_POLY démarrée...
[2026-02-27 13:30:59] [λ=0.10 run 3] En attente du process DL_POLY (PID=560320)...
[2026-02-27 13:31:39] [λ=0.10 run 3] Simulation DL_POLY terminée.
[2026-02-27 13:31:39] [λ=0.10 run 3] Analyse thermodynamique...
[2026-02-27 13:31:39] [λ=0.10 run 3] thermoDynamics.py OK.
[2026-02-27 13:31:39] [λ=0.10 run 3] Calcul MSD (C)...
[2026-02-27 13:31:39] [λ=0.10 run 3] calculateMSD.py C OK.
[2026-02-27 13:31:39] [λ=0.10 run 3] Calcul MSD (H)...
[2026-02-27 13:31:39] [λ=0.10 run 3] calculateMSD.py H OK.
[2026-02-27 13:31:39] [λ=0.10 run 3] Run complet.
[2026-02-27 13:31:39] [λ=0.10 run 4] Préparé (seed=1341, cœurs=12-15)
[2026-02-27 13:31:39] [λ=0.10 run 4] Simulation DL_POLY démarrée...
[2026-02-27 13:31:39] [λ=0.10 run 4] En attente du process DL_POLY (PID=560401)...
[2026-02-27 13:32:19] [λ=0.10 run 4] Simulation DL_POLY terminée.
[2026-02-27 13:32:19] [λ=0.10 run 4] Analyse thermodynamique...
[2026-02-27 13:32:19] [λ=0.10 run 4] thermoDynamics.py OK.
[2026-02-27 13:32:19] [λ=0.10 run 4] Calcul MSD (C)...
[2026-02-27 13:32:19] [λ=0.10 run 4] calculateMSD.py C OK.
[2026-02-27 13:32:19] [λ=0.10 run 4] Calcul MSD (H)...
[2026-02-27 13:32:19] [λ=0.10 run 4] calculateMSD.py H OK.
[2026-02-27 13:32:19] [λ=0.10 run 4] Run complet.
[2026-02-27 13:32:19] [λ=0.10 run 5] Préparé (seed=1342, cœurs=16-19)
[2026-02-27 13:32:19] [λ=0.10 run 5] Simulation DL_POLY démarrée...
[2026-02-27 13:32:19] [λ=0.20] C_O_B=361.4000  H_O_B=102.1600
[2026-02-27 13:32:19] [λ=0.10 run 5] En attente du process DL_POLY (PID=560476)...
[2026-02-27 13:32:59] [λ=0.10 run 5] Simulation DL_POLY terminée.
[2026-02-27 13:32:59] [λ=0.10 run 5] Analyse thermodynamique...
[2026-02-27 13:32:59] [λ=0.10 run 5] thermoDynamics.py OK.
[2026-02-27 13:32:59] [λ=0.10 run 5] Calcul MSD (C)...
[2026-02-27 13:32:59] [λ=0.10 run 5] calculateMSD.py C OK.
[2026-02-27 13:32:59] [λ=0.10 run 5] Calcul MSD (H)...
[2026-02-27 13:32:59] [λ=0.10 run 5] calculateMSD.py H OK.
[2026-02-27 13:32:59] [λ=0.10 run 5] Run complet.
[2026-02-27 13:32:59] [λ=0.20 run 1] Préparé (seed=1343, cœurs=20-23)
[2026-02-27 13:32:59] [λ=0.20 run 1] Simulation DL_POLY démarrée...
[2026-02-27 13:33:00] [λ=0.20 run 1] En attente du process DL_POLY (PID=560560)...
[2026-02-27 13:33:45] [λ=0.20 run 1] Simulation DL_POLY terminée.
[2026-02-27 13:33:45] [λ=0.20 run 1] Analyse thermodynamique...
[2026-02-27 13:33:45] [λ=0.20 run 1] thermoDynamics.py OK.
[2026-02-27 13:33:45] [λ=0.20 run 1] Calcul MSD (C)...
[2026-02-27 13:33:45] [λ=0.20 run 1] calculateMSD.py C OK.
[2026-02-27 13:33:45] [λ=0.20 run 1] Calcul MSD (H)...
[2026-02-27 13:33:45] [λ=0.20 run 1] calculateMSD.py H OK.
[2026-02-27 13:33:45] [λ=0.20 run 1] Run complet.
[2026-02-27 13:33:45] [λ=0.20 run 2] Préparé (seed=1344, cœurs=24-27)
[2026-02-27 13:33:45] [λ=0.20 run 2] Simulation DL_POLY démarrée...
[2026-02-27 13:33:45] [λ=0.20 run 2] En attente du process DL_POLY (PID=560642)...
[2026-02-27 13:34:30] [λ=0.20 run 2] Simulation DL_POLY terminée.
[2026-02-27 13:34:30] [λ=0.20 run 2] Analyse thermodynamique...
[2026-02-27 13:34:30] [λ=0.20 run 2] thermoDynamics.py OK.
[2026-02-27 13:34:30] [λ=0.20 run 2] Calcul MSD (C)...
[2026-02-27 13:34:30] [λ=0.20 run 2] calculateMSD.py C OK.
[2026-02-27 13:34:30] [λ=0.20 run 2] Calcul MSD (H)...
[2026-02-27 13:34:30] [λ=0.20 run 2] calculateMSD.py H OK.
[2026-02-27 13:34:30] [λ=0.20 run 2] Run complet.
[2026-02-27 13:34:30] [λ=0.20 run 3] Préparé (seed=1345, cœurs=28-31)
[2026-02-27 13:34:30] [λ=0.20 run 3] Simulation DL_POLY démarrée...
[2026-02-27 13:34:30] [λ=0.20 run 3] En attente du process DL_POLY (PID=560716)...
[2026-02-27 13:35:10] [λ=0.20 run 3] Simulation DL_POLY terminée.
[2026-02-27 13:35:10] [λ=0.20 run 3] Analyse thermodynamique...
[2026-02-27 13:35:10] [λ=0.20 run 3] thermoDynamics.py OK.
[2026-02-27 13:35:10] [λ=0.20 run 3] Calcul MSD (C)...
[2026-02-27 13:35:10] [λ=0.20 run 3] calculateMSD.py C OK.
[2026-02-27 13:35:10] [λ=0.20 run 3] Calcul MSD (H)...
[2026-02-27 13:35:10] [λ=0.20 run 3] calculateMSD.py H OK.
[2026-02-27 13:35:10] [λ=0.20 run 3] Run complet.
[2026-02-27 13:35:10] [λ=0.20 run 4] Préparé (seed=1346, cœurs=32-35)
[2026-02-27 13:35:10] [λ=0.20 run 4] Simulation DL_POLY démarrée...
[2026-02-27 13:35:10] [λ=0.20 run 4] En attente du process DL_POLY (PID=560799)...
[2026-02-27 13:35:55] [λ=0.20 run 4] Simulation DL_POLY terminée.
[2026-02-27 13:35:55] [λ=0.20 run 4] Analyse thermodynamique...
[2026-02-27 13:35:55] [λ=0.20 run 4] thermoDynamics.py OK.
[2026-02-27 13:35:55] [λ=0.20 run 4] Calcul MSD (C)...
[2026-02-27 13:35:56] [λ=0.20 run 4] calculateMSD.py C OK.
[2026-02-27 13:35:56] [λ=0.20 run 4] Calcul MSD (H)...
[2026-02-27 13:35:56] [λ=0.20 run 4] calculateMSD.py H OK.
[2026-02-27 13:35:56] [λ=0.20 run 4] Run complet.
[2026-02-27 13:35:56] [λ=0.20 run 5] Préparé (seed=1347, cœurs=36-39)
[2026-02-27 13:35:56] [λ=0.20 run 5] Simulation DL_POLY démarrée...
[2026-02-27 13:35:56] [λ=0.30] C_O_B=542.1000  H_O_B=153.2400
[2026-02-27 13:35:56] [λ=0.20 run 5] En attente du process DL_POLY (PID=560886)...
[2026-02-27 13:36:36] [λ=0.20 run 5] Simulation DL_POLY terminée.
[2026-02-27 13:36:36] [λ=0.20 run 5] Analyse thermodynamique...
[2026-02-27 13:36:36] [λ=0.20 run 5] thermoDynamics.py OK.
[2026-02-27 13:36:36] [λ=0.20 run 5] Calcul MSD (C)...
[2026-02-27 13:36:36] [λ=0.20 run 5] calculateMSD.py C OK.
[2026-02-27 13:36:36] [λ=0.20 run 5] Calcul MSD (H)...
[2026-02-27 13:36:36] [λ=0.20 run 5] calculateMSD.py H OK.
[2026-02-27 13:36:36] [λ=0.20 run 5] Run complet.
[2026-02-27 13:36:36] [λ=0.30 run 1] Préparé (seed=1348, cœurs=40-43)
[2026-02-27 13:36:36] [λ=0.30 run 1] Simulation DL_POLY démarrée...
[2026-02-27 13:36:36] [λ=0.30 run 1] En attente du process DL_POLY (PID=560967)...
[2026-02-27 13:37:21] [λ=0.30 run 1] Simulation DL_POLY terminée.
[2026-02-27 13:37:21] [λ=0.30 run 1] Analyse thermodynamique...
[2026-02-27 13:37:21] [λ=0.30 run 1] thermoDynamics.py OK.
[2026-02-27 13:37:21] [λ=0.30 run 1] Calcul MSD (C)...
[2026-02-27 13:37:21] [λ=0.30 run 1] calculateMSD.py C OK.
[2026-02-27 13:37:21] [λ=0.30 run 1] Calcul MSD (H)...
[2026-02-27 13:37:21] [λ=0.30 run 1] calculateMSD.py H OK.
[2026-02-27 13:37:21] [λ=0.30 run 1] Run complet.
[2026-02-27 13:37:21] [λ=0.30 run 2] Préparé (seed=1349, cœurs=44-47)
[2026-02-27 13:37:21] [λ=0.30 run 2] Simulation DL_POLY démarrée...
[2026-02-27 13:37:21] [λ=0.30 run 2] En attente du process DL_POLY (PID=561046)...
[2026-02-27 13:38:01] [λ=0.30 run 2] Simulation DL_POLY terminée.
[2026-02-27 13:38:01] [λ=0.30 run 2] Analyse thermodynamique...
[2026-02-27 13:38:01] [λ=0.30 run 2] thermoDynamics.py OK.
[2026-02-27 13:38:01] [λ=0.30 run 2] Calcul MSD (C)...
[2026-02-27 13:38:01] [λ=0.30 run 2] calculateMSD.py C OK.
[2026-02-27 13:38:01] [λ=0.30 run 2] Calcul MSD (H)...
[2026-02-27 13:38:01] [λ=0.30 run 2] calculateMSD.py H OK.
[2026-02-27 13:38:01] [λ=0.30 run 2] Run complet.
[2026-02-27 13:38:02] [λ=0.30 run 3] Préparé (seed=1350, cœurs=48-51)
[2026-02-27 13:38:02] [λ=0.30 run 3] Simulation DL_POLY démarrée...
[2026-02-27 13:38:02] [λ=0.30 run 3] En attente du process DL_POLY (PID=561127)...
[2026-02-27 13:38:42] [λ=0.30 run 3] Simulation DL_POLY terminée.
[2026-02-27 13:38:42] [λ=0.30 run 3] Analyse thermodynamique...
[2026-02-27 13:38:42] [λ=0.30 run 3] thermoDynamics.py OK.
[2026-02-27 13:38:42] [λ=0.30 run 3] Calcul MSD (C)...
[2026-02-27 13:38:42] [λ=0.30 run 3] calculateMSD.py C OK.
[2026-02-27 13:38:42] [λ=0.30 run 3] Calcul MSD (H)...
[2026-02-27 13:38:42] [λ=0.30 run 3] calculateMSD.py H OK.
[2026-02-27 13:38:42] [λ=0.30 run 3] Run complet.
[2026-02-27 13:38:42] [λ=0.30 run 4] Préparé (seed=1351, cœurs=52-55)
[2026-02-27 13:38:42] [λ=0.30 run 4] Simulation DL_POLY démarrée...
[2026-02-27 13:38:42] [λ=0.30 run 4] En attente du process DL_POLY (PID=561208)...
[2026-02-27 13:39:22] [λ=0.30 run 4] Simulation DL_POLY terminée.
[2026-02-27 13:39:22] [λ=0.30 run 4] Analyse thermodynamique...
[2026-02-27 13:39:22] [λ=0.30 run 4] thermoDynamics.py OK.
[2026-02-27 13:39:22] [λ=0.30 run 4] Calcul MSD (C)...
[2026-02-27 13:39:22] [λ=0.30 run 4] calculateMSD.py C OK.
[2026-02-27 13:39:22] [λ=0.30 run 4] Calcul MSD (H)...
[2026-02-27 13:39:22] [λ=0.30 run 4] calculateMSD.py H OK.
[2026-02-27 13:39:22] [λ=0.30 run 4] Run complet.
[2026-02-27 13:39:22] [λ=0.30 run 5] Préparé (seed=1352, cœurs=56-59)
[2026-02-27 13:39:22] [λ=0.30 run 5] Simulation DL_POLY démarrée...
[2026-02-27 13:39:22] [λ=0.40] C_O_B=722.8000  H_O_B=204.3200
[2026-02-27 13:39:22] [λ=0.30 run 5] En attente du process DL_POLY (PID=561285)...
[2026-02-27 13:40:02] [λ=0.30 run 5] Simulation DL_POLY terminée.
[2026-02-27 13:40:02] [λ=0.30 run 5] Analyse thermodynamique...
[2026-02-27 13:40:02] [λ=0.30 run 5] thermoDynamics.py OK.
[2026-02-27 13:40:02] [λ=0.30 run 5] Calcul MSD (C)...
[2026-02-27 13:40:02] [λ=0.30 run 5] calculateMSD.py C OK.
[2026-02-27 13:40:02] [λ=0.30 run 5] Calcul MSD (H)...
[2026-02-27 13:40:02] [λ=0.30 run 5] calculateMSD.py H OK.
[2026-02-27 13:40:02] [λ=0.30 run 5] Run complet.
[2026-02-27 13:40:02] [λ=0.40 run 1] Préparé (seed=1353, cœurs=60-63)
[2026-02-27 13:40:02] [λ=0.40 run 1] Simulation DL_POLY démarrée...
[2026-02-27 13:40:02] [λ=0.40 run 1] En attente du process DL_POLY (PID=561367)...
[2026-02-27 13:40:42] [λ=0.40 run 1] Simulation DL_POLY terminée.
[2026-02-27 13:40:42] [λ=0.40 run 1] Analyse thermodynamique...
[2026-02-27 13:40:42] [λ=0.40 run 1] thermoDynamics.py OK.
[2026-02-27 13:40:42] [λ=0.40 run 1] Calcul MSD (C)...
[2026-02-27 13:40:43] [λ=0.40 run 1] calculateMSD.py C OK.
[2026-02-27 13:40:43] [λ=0.40 run 1] Calcul MSD (H)...
[2026-02-27 13:40:43] [λ=0.40 run 1] calculateMSD.py H OK.
[2026-02-27 13:40:43] [λ=0.40 run 1] Run complet.
[2026-02-27 13:40:43] [λ=0.40 run 2] Préparé (seed=1354, cœurs=64-67)
[2026-02-27 13:40:43] [λ=0.40 run 2] Simulation DL_POLY démarrée...
[2026-02-27 13:40:43] [λ=0.40 run 2] En attente du process DL_POLY (PID=561448)...
[2026-02-27 13:41:23] [λ=0.40 run 2] Simulation DL_POLY terminée.
[2026-02-27 13:41:23] [λ=0.40 run 2] Analyse thermodynamique...
[2026-02-27 13:41:23] [λ=0.40 run 2] thermoDynamics.py OK.
[2026-02-27 13:41:23] [λ=0.40 run 2] Calcul MSD (C)...
[2026-02-27 13:41:23] [λ=0.40 run 2] calculateMSD.py C OK.
[2026-02-27 13:41:23] [λ=0.40 run 2] Calcul MSD (H)...
[2026-02-27 13:41:23] [λ=0.40 run 2] calculateMSD.py H OK.
[2026-02-27 13:41:23] [λ=0.40 run 2] Run complet.
[2026-02-27 13:41:23] [λ=0.40 run 3] Préparé (seed=1355, cœurs=68-71)
[2026-02-27 13:41:23] [λ=0.40 run 3] Simulation DL_POLY démarrée...
[2026-02-27 13:41:23] [λ=0.40 run 3] En attente du process DL_POLY (PID=561522)...
[2026-02-27 13:42:03] [λ=0.40 run 3] Simulation DL_POLY terminée.
[2026-02-27 13:42:03] [λ=0.40 run 3] Analyse thermodynamique...
[2026-02-27 13:42:03] [λ=0.40 run 3] thermoDynamics.py OK.
[2026-02-27 13:42:03] [λ=0.40 run 3] Calcul MSD (C)...
[2026-02-27 13:42:03] [λ=0.40 run 3] calculateMSD.py C OK.
[2026-02-27 13:42:03] [λ=0.40 run 3] Calcul MSD (H)...
[2026-02-27 13:42:03] [λ=0.40 run 3] calculateMSD.py H OK.
[2026-02-27 13:42:03] [λ=0.40 run 3] Run complet.
[2026-02-27 13:42:03] [λ=0.40 run 4] Préparé (seed=1356, cœurs=72-75)
[2026-02-27 13:42:03] [λ=0.40 run 4] Simulation DL_POLY démarrée...
[2026-02-27 13:42:03] [λ=0.40 run 4] En attente du process DL_POLY (PID=561603)...
[2026-02-27 13:42:43] [λ=0.40 run 4] Simulation DL_POLY terminée.
[2026-02-27 13:42:43] [λ=0.40 run 4] Analyse thermodynamique...
[2026-02-27 13:42:43] [λ=0.40 run 4] thermoDynamics.py OK.
[2026-02-27 13:42:43] [λ=0.40 run 4] Calcul MSD (C)...
[2026-02-27 13:42:43] [λ=0.40 run 4] calculateMSD.py C OK.
[2026-02-27 13:42:43] [λ=0.40 run 4] Calcul MSD (H)...
[2026-02-27 13:42:43] [λ=0.40 run 4] calculateMSD.py H OK.
[2026-02-27 13:42:43] [λ=0.40 run 4] Run complet.
[2026-02-27 13:42:43] [λ=0.40 run 5] Préparé (seed=1357, cœurs=76-79)
[2026-02-27 13:42:43] [λ=0.40 run 5] Simulation DL_POLY démarrée...
[2026-02-27 13:42:43] [λ=0.50] C_O_B=903.5000  H_O_B=255.4000
[2026-02-27 13:42:44] [λ=0.40 run 5] En attente du process DL_POLY (PID=561689)...
[2026-02-27 13:43:24] [λ=0.40 run 5] Simulation DL_POLY terminée.
[2026-02-27 13:43:24] [λ=0.40 run 5] Analyse thermodynamique...
[2026-02-27 13:43:24] [λ=0.40 run 5] thermoDynamics.py OK.
[2026-02-27 13:43:24] [λ=0.40 run 5] Calcul MSD (C)...
[2026-02-27 13:43:24] [λ=0.40 run 5] calculateMSD.py C OK.
[2026-02-27 13:43:24] [λ=0.40 run 5] Calcul MSD (H)...
[2026-02-27 13:43:24] [λ=0.40 run 5] calculateMSD.py H OK.
[2026-02-27 13:43:24] [λ=0.40 run 5] Run complet.
[2026-02-27 13:43:24] [λ=0.50 run 1] Préparé (seed=1358, cœurs=80-83)
[2026-02-27 13:43:24] [λ=0.50 run 1] Simulation DL_POLY démarrée...
[2026-02-27 13:43:24] [λ=0.50 run 1] En attente du process DL_POLY (PID=561762)...
[2026-02-27 13:44:04] [λ=0.50 run 1] Simulation DL_POLY terminée.
[2026-02-27 13:44:04] [λ=0.50 run 1] Analyse thermodynamique...
[2026-02-27 13:44:04] [λ=0.50 run 1] thermoDynamics.py OK.
[2026-02-27 13:44:04] [λ=0.50 run 1] Calcul MSD (C)...
[2026-02-27 13:44:04] [λ=0.50 run 1] calculateMSD.py C OK.
[2026-02-27 13:44:04] [λ=0.50 run 1] Calcul MSD (H)...
[2026-02-27 13:44:04] [λ=0.50 run 1] calculateMSD.py H OK.
[2026-02-27 13:44:04] [λ=0.50 run 1] Run complet.
[2026-02-27 13:44:04] [λ=0.50 run 2] Préparé (seed=1359, cœurs=84-87)
[2026-02-27 13:44:04] [λ=0.50 run 2] Simulation DL_POLY démarrée...
[2026-02-27 13:44:04] [λ=0.50 run 2] En attente du process DL_POLY (PID=561843)...
[2026-02-27 13:44:44] [λ=0.50 run 2] Simulation DL_POLY terminée.
[2026-02-27 13:44:44] [λ=0.50 run 2] Analyse thermodynamique...
[2026-02-27 13:44:44] [λ=0.50 run 2] thermoDynamics.py OK.
[2026-02-27 13:44:44] [λ=0.50 run 2] Calcul MSD (C)...
[2026-02-27 13:44:44] [λ=0.50 run 2] calculateMSD.py C OK.
[2026-02-27 13:44:44] [λ=0.50 run 2] Calcul MSD (H)...
[2026-02-27 13:44:44] [λ=0.50 run 2] calculateMSD.py H OK.
[2026-02-27 13:44:44] [λ=0.50 run 2] Run complet.
[2026-02-27 13:44:44] [λ=0.50 run 3] Préparé (seed=1360, cœurs=88-91)
[2026-02-27 13:44:44] [λ=0.50 run 3] Simulation DL_POLY démarrée...
[2026-02-27 13:44:44] [λ=0.50 run 3] En attente du process DL_POLY (PID=561925)...
[2026-02-27 13:45:24] [λ=0.50 run 3] Simulation DL_POLY terminée.
[2026-02-27 13:45:24] [λ=0.50 run 3] Analyse thermodynamique...
[2026-02-27 13:45:24] [λ=0.50 run 3] thermoDynamics.py OK.
[2026-02-27 13:45:24] [λ=0.50 run 3] Calcul MSD (C)...
[2026-02-27 13:45:25] [λ=0.50 run 3] calculateMSD.py C OK.
[2026-02-27 13:45:25] [λ=0.50 run 3] Calcul MSD (H)...
[2026-02-27 13:45:25] [λ=0.50 run 3] calculateMSD.py H OK.
[2026-02-27 13:45:25] [λ=0.50 run 3] Run complet.
[2026-02-27 13:45:25] [λ=0.50 run 4] Préparé (seed=1361, cœurs=92-95)
[2026-02-27 13:45:25] [λ=0.50 run 4] Simulation DL_POLY démarrée...
[2026-02-27 13:45:25] [λ=0.50 run 4] En attente du process DL_POLY (PID=561999)...
[2026-02-27 13:46:10] [λ=0.50 run 4] Simulation DL_POLY terminée.
[2026-02-27 13:46:10] [λ=0.50 run 4] Analyse thermodynamique...
[2026-02-27 13:46:10] [λ=0.50 run 4] thermoDynamics.py OK.
[2026-02-27 13:46:10] [λ=0.50 run 4] Calcul MSD (C)...
[2026-02-27 13:46:10] [λ=0.50 run 4] calculateMSD.py C OK.
[2026-02-27 13:46:10] [λ=0.50 run 4] Calcul MSD (H)...
[2026-02-27 13:46:10] [λ=0.50 run 4] calculateMSD.py H OK.
[2026-02-27 13:46:10] [λ=0.50 run 4] Run complet.
[2026-02-27 13:46:10] [λ=0.50 run 5] Préparé (seed=1362, cœurs=96-99)
[2026-02-27 13:46:10] [λ=0.50 run 5] Simulation DL_POLY démarrée...
[2026-02-27 13:46:10] [λ=0.60] C_O_B=1084.2000  H_O_B=306.4800
[2026-02-27 13:46:10] [λ=0.50 run 5] En attente du process DL_POLY (PID=562086)...
[2026-02-27 13:46:50] [λ=0.50 run 5] Simulation DL_POLY terminée.
[2026-02-27 13:46:50] [λ=0.50 run 5] Analyse thermodynamique...
[2026-02-27 13:46:50] [λ=0.50 run 5] thermoDynamics.py OK.
[2026-02-27 13:46:50] [λ=0.50 run 5] Calcul MSD (C)...
[2026-02-27 13:46:50] [λ=0.50 run 5] calculateMSD.py C OK.
[2026-02-27 13:46:50] [λ=0.50 run 5] Calcul MSD (H)...
[2026-02-27 13:46:50] [λ=0.50 run 5] calculateMSD.py H OK.
[2026-02-27 13:46:50] [λ=0.50 run 5] Run complet.
[2026-02-27 13:46:50] [λ=0.60 run 1] Préparé (seed=1363, cœurs=0-3)
[2026-02-27 13:46:50] [λ=0.60 run 1] Simulation DL_POLY démarrée...
[2026-02-27 13:46:50] [λ=0.60 run 1] En attente du process DL_POLY (PID=562168)...
[2026-02-27 13:47:30] [λ=0.60 run 1] Simulation DL_POLY terminée.
[2026-02-27 13:47:30] [λ=0.60 run 1] Analyse thermodynamique...
[2026-02-27 13:47:30] [λ=0.60 run 1] thermoDynamics.py OK.
[2026-02-27 13:47:30] [λ=0.60 run 1] Calcul MSD (C)...
[2026-02-27 13:47:30] [λ=0.60 run 1] calculateMSD.py C OK.
[2026-02-27 13:47:30] [λ=0.60 run 1] Calcul MSD (H)...
[2026-02-27 13:47:30] [λ=0.60 run 1] calculateMSD.py H OK.
[2026-02-27 13:47:30] [λ=0.60 run 1] Run complet.
[2026-02-27 13:47:30] [λ=0.60 run 2] Préparé (seed=1364, cœurs=4-7)
[2026-02-27 13:47:30] [λ=0.60 run 2] Simulation DL_POLY démarrée...
[2026-02-27 13:47:31] [λ=0.60 run 2] En attente du process DL_POLY (PID=562241)...
[2026-02-27 13:48:11] [λ=0.60 run 2] Simulation DL_POLY terminée.
[2026-02-27 13:48:11] [λ=0.60 run 2] Analyse thermodynamique...
[2026-02-27 13:48:11] [λ=0.60 run 2] thermoDynamics.py OK.
[2026-02-27 13:48:11] [λ=0.60 run 2] Calcul MSD (C)...
[2026-02-27 13:48:11] [λ=0.60 run 2] calculateMSD.py C OK.
[2026-02-27 13:48:11] [λ=0.60 run 2] Calcul MSD (H)...
[2026-02-27 13:48:11] [λ=0.60 run 2] calculateMSD.py H OK.
[2026-02-27 13:48:11] [λ=0.60 run 2] Run complet.
[2026-02-27 13:48:11] [λ=0.60 run 3] Préparé (seed=1365, cœurs=8-11)
[2026-02-27 13:48:11] [λ=0.60 run 3] Simulation DL_POLY démarrée...
[2026-02-27 13:48:11] [λ=0.60 run 3] En attente du process DL_POLY (PID=562322)...
[2026-02-27 13:48:51] [λ=0.60 run 3] Simulation DL_POLY terminée.
[2026-02-27 13:48:51] [λ=0.60 run 3] Analyse thermodynamique...
[2026-02-27 13:48:51] [λ=0.60 run 3] thermoDynamics.py OK.
[2026-02-27 13:48:51] [λ=0.60 run 3] Calcul MSD (C)...
[2026-02-27 13:48:51] [λ=0.60 run 3] calculateMSD.py C OK.
[2026-02-27 13:48:51] [λ=0.60 run 3] Calcul MSD (H)...
[2026-02-27 13:48:51] [λ=0.60 run 3] calculateMSD.py H OK.
[2026-02-27 13:48:51] [λ=0.60 run 3] Run complet.
[2026-02-27 13:48:51] [λ=0.60 run 4] Préparé (seed=1366, cœurs=12-15)
[2026-02-27 13:48:51] [λ=0.60 run 4] Simulation DL_POLY démarrée...
[2026-02-27 13:48:51] [λ=0.60 run 4] En attente du process DL_POLY (PID=562403)...
[2026-02-27 13:49:31] [λ=0.60 run 4] Simulation DL_POLY terminée.
[2026-02-27 13:49:31] [λ=0.60 run 4] Analyse thermodynamique...
[2026-02-27 13:49:31] [λ=0.60 run 4] thermoDynamics.py OK.
[2026-02-27 13:49:31] [λ=0.60 run 4] Calcul MSD (C)...
[2026-02-27 13:49:31] [λ=0.60 run 4] calculateMSD.py C OK.
[2026-02-27 13:49:31] [λ=0.60 run 4] Calcul MSD (H)...
[2026-02-27 13:49:31] [λ=0.60 run 4] calculateMSD.py H OK.
[2026-02-27 13:49:31] [λ=0.60 run 4] Run complet.
[2026-02-27 13:49:31] [λ=0.60 run 5] Préparé (seed=1367, cœurs=16-19)
[2026-02-27 13:49:31] [λ=0.60 run 5] Simulation DL_POLY démarrée...
[2026-02-27 13:49:31] [λ=0.70] C_O_B=1264.9000  H_O_B=357.5600
[2026-02-27 13:49:31] [λ=0.60 run 5] En attente du process DL_POLY (PID=562479)...
[2026-02-27 13:50:11] [λ=0.60 run 5] Simulation DL_POLY terminée.
[2026-02-27 13:50:11] [λ=0.60 run 5] Analyse thermodynamique...
[2026-02-27 13:50:11] [λ=0.60 run 5] thermoDynamics.py OK.
[2026-02-27 13:50:11] [λ=0.60 run 5] Calcul MSD (C)...
[2026-02-27 13:50:12] [λ=0.60 run 5] calculateMSD.py C OK.
[2026-02-27 13:50:12] [λ=0.60 run 5] Calcul MSD (H)...
[2026-02-27 13:50:12] [λ=0.60 run 5] calculateMSD.py H OK.
[2026-02-27 13:50:12] [λ=0.60 run 5] Run complet.
[2026-02-27 13:50:12] [λ=0.70 run 1] Préparé (seed=1368, cœurs=20-23)
[2026-02-27 13:50:12] [λ=0.70 run 1] Simulation DL_POLY démarrée...
[2026-02-27 13:50:12] [λ=0.70 run 1] En attente du process DL_POLY (PID=562562)...
[2026-02-27 13:50:52] [λ=0.70 run 1] Simulation DL_POLY terminée.
[2026-02-27 13:50:52] [λ=0.70 run 1] Analyse thermodynamique...
[2026-02-27 13:50:52] [λ=0.70 run 1] thermoDynamics.py OK.
[2026-02-27 13:50:52] [λ=0.70 run 1] Calcul MSD (C)...
[2026-02-27 13:50:52] [λ=0.70 run 1] calculateMSD.py C OK.
[2026-02-27 13:50:52] [λ=0.70 run 1] Calcul MSD (H)...
[2026-02-27 13:50:52] [λ=0.70 run 1] calculateMSD.py H OK.
[2026-02-27 13:50:52] [λ=0.70 run 1] Run complet.
[2026-02-27 13:50:52] [λ=0.70 run 2] Préparé (seed=1369, cœurs=24-27)
[2026-02-27 13:50:52] [λ=0.70 run 2] Simulation DL_POLY démarrée...
[2026-02-27 13:50:52] [λ=0.70 run 2] En attente du process DL_POLY (PID=562643)...
[2026-02-27 13:51:32] [λ=0.70 run 2] Simulation DL_POLY terminée.
[2026-02-27 13:51:32] [λ=0.70 run 2] Analyse thermodynamique...
[2026-02-27 13:51:32] [λ=0.70 run 2] thermoDynamics.py OK.
[2026-02-27 13:51:32] [λ=0.70 run 2] Calcul MSD (C)...
[2026-02-27 13:51:32] [λ=0.70 run 2] calculateMSD.py C OK.
[2026-02-27 13:51:32] [λ=0.70 run 2] Calcul MSD (H)...
[2026-02-27 13:51:32] [λ=0.70 run 2] calculateMSD.py H OK.
[2026-02-27 13:51:32] [λ=0.70 run 2] Run complet.
[2026-02-27 13:51:32] [λ=0.70 run 3] Préparé (seed=1370, cœurs=28-31)
[2026-02-27 13:51:32] [λ=0.70 run 3] Simulation DL_POLY démarrée...
[2026-02-27 13:51:32] [λ=0.70 run 3] En attente du process DL_POLY (PID=562716)...
[2026-02-27 13:52:12] [λ=0.70 run 3] Simulation DL_POLY terminée.
[2026-02-27 13:52:12] [λ=0.70 run 3] Analyse thermodynamique...
[2026-02-27 13:52:12] [λ=0.70 run 3] thermoDynamics.py OK.
[2026-02-27 13:52:12] [λ=0.70 run 3] Calcul MSD (C)...
[2026-02-27 13:52:12] [λ=0.70 run 3] calculateMSD.py C OK.
[2026-02-27 13:52:12] [λ=0.70 run 3] Calcul MSD (H)...
[2026-02-27 13:52:12] [λ=0.70 run 3] calculateMSD.py H OK.
[2026-02-27 13:52:12] [λ=0.70 run 3] Run complet.
[2026-02-27 13:52:12] [λ=0.70 run 4] Préparé (seed=1371, cœurs=32-35)
[2026-02-27 13:52:12] [λ=0.70 run 4] Simulation DL_POLY démarrée...
[2026-02-27 13:52:13] [λ=0.70 run 4] En attente du process DL_POLY (PID=562798)...
[2026-02-27 13:52:53] [λ=0.70 run 4] Simulation DL_POLY terminée.
[2026-02-27 13:52:53] [λ=0.70 run 4] Analyse thermodynamique...
[2026-02-27 13:52:53] [λ=0.70 run 4] thermoDynamics.py OK.
[2026-02-27 13:52:53] [λ=0.70 run 4] Calcul MSD (C)...
[2026-02-27 13:52:53] [λ=0.70 run 4] calculateMSD.py C OK.
[2026-02-27 13:52:53] [λ=0.70 run 4] Calcul MSD (H)...
[2026-02-27 13:52:53] [λ=0.70 run 4] calculateMSD.py H OK.
[2026-02-27 13:52:53] [λ=0.70 run 4] Run complet.
[2026-02-27 13:52:53] [λ=0.70 run 5] Préparé (seed=1372, cœurs=36-39)
[2026-02-27 13:52:53] [λ=0.70 run 5] Simulation DL_POLY démarrée...
[2026-02-27 13:52:53] [λ=0.80] C_O_B=1445.6000  H_O_B=408.6400
[2026-02-27 13:52:53] [λ=0.70 run 5] En attente du process DL_POLY (PID=562881)...
[2026-02-27 13:53:33] [λ=0.70 run 5] Simulation DL_POLY terminée.
[2026-02-27 13:53:33] [λ=0.70 run 5] Analyse thermodynamique...
[2026-02-27 13:53:33] [λ=0.70 run 5] thermoDynamics.py OK.
[2026-02-27 13:53:33] [λ=0.70 run 5] Calcul MSD (C)...
[2026-02-27 13:53:33] [λ=0.70 run 5] calculateMSD.py C OK.
[2026-02-27 13:53:33] [λ=0.70 run 5] Calcul MSD (H)...
[2026-02-27 13:53:33] [λ=0.70 run 5] calculateMSD.py H OK.
[2026-02-27 13:53:33] [λ=0.70 run 5] Run complet.
[2026-02-27 13:53:33] [λ=0.80 run 1] Préparé (seed=1373, cœurs=40-43)
[2026-02-27 13:53:33] [λ=0.80 run 1] Simulation DL_POLY démarrée...
[2026-02-27 13:53:33] [λ=0.80 run 1] En attente du process DL_POLY (PID=562965)...
[2026-02-27 13:54:13] [λ=0.80 run 1] Simulation DL_POLY terminée.
[2026-02-27 13:54:13] [λ=0.80 run 1] Analyse thermodynamique...
[2026-02-27 13:54:13] [λ=0.80 run 1] thermoDynamics.py OK.
[2026-02-27 13:54:13] [λ=0.80 run 1] Calcul MSD (C)...
[2026-02-27 13:54:13] [λ=0.80 run 1] calculateMSD.py C OK.
[2026-02-27 13:54:13] [λ=0.80 run 1] Calcul MSD (H)...
[2026-02-27 13:54:13] [λ=0.80 run 1] calculateMSD.py H OK.
[2026-02-27 13:54:13] [λ=0.80 run 1] Run complet.
[2026-02-27 13:54:13] [λ=0.80 run 2] Préparé (seed=1374, cœurs=44-47)
[2026-02-27 13:54:13] [λ=0.80 run 2] Simulation DL_POLY démarrée...
[2026-02-27 13:54:13] [λ=0.80 run 2] En attente du process DL_POLY (PID=563038)...
[2026-02-27 13:54:53] [λ=0.80 run 2] Simulation DL_POLY terminée.
[2026-02-27 13:54:53] [λ=0.80 run 2] Analyse thermodynamique...
[2026-02-27 13:54:53] [λ=0.80 run 2] thermoDynamics.py OK.
[2026-02-27 13:54:53] [λ=0.80 run 2] Calcul MSD (C)...
[2026-02-27 13:54:54] [λ=0.80 run 2] calculateMSD.py C OK.
[2026-02-27 13:54:54] [λ=0.80 run 2] Calcul MSD (H)...
[2026-02-27 13:54:54] [λ=0.80 run 2] calculateMSD.py H OK.
[2026-02-27 13:54:54] [λ=0.80 run 2] Run complet.
[2026-02-27 13:54:54] [λ=0.80 run 3] Préparé (seed=1375, cœurs=48-51)
[2026-02-27 13:54:54] [λ=0.80 run 3] Simulation DL_POLY démarrée...
[2026-02-27 13:54:54] [λ=0.80 run 3] En attente du process DL_POLY (PID=563120)...
[2026-02-27 13:55:34] [λ=0.80 run 3] Simulation DL_POLY terminée.
[2026-02-27 13:55:34] [λ=0.80 run 3] Analyse thermodynamique...
[2026-02-27 13:55:34] [λ=0.80 run 3] thermoDynamics.py OK.
[2026-02-27 13:55:34] [λ=0.80 run 3] Calcul MSD (C)...
[2026-02-27 13:55:34] [λ=0.80 run 3] calculateMSD.py C OK.
[2026-02-27 13:55:34] [λ=0.80 run 3] Calcul MSD (H)...
[2026-02-27 13:55:34] [λ=0.80 run 3] calculateMSD.py H OK.
[2026-02-27 13:55:34] [λ=0.80 run 3] Run complet.
[2026-02-27 13:55:34] [λ=0.80 run 4] Préparé (seed=1376, cœurs=52-55)
[2026-02-27 13:55:34] [λ=0.80 run 4] Simulation DL_POLY démarrée...
[2026-02-27 13:55:34] [λ=0.80 run 4] En attente du process DL_POLY (PID=563201)...
[2026-02-27 13:56:14] [λ=0.80 run 4] Simulation DL_POLY terminée.
[2026-02-27 13:56:14] [λ=0.80 run 4] Analyse thermodynamique...
[2026-02-27 13:56:14] [λ=0.80 run 4] thermoDynamics.py OK.
[2026-02-27 13:56:14] [λ=0.80 run 4] Calcul MSD (C)...
[2026-02-27 13:56:14] [λ=0.80 run 4] calculateMSD.py C OK.
[2026-02-27 13:56:14] [λ=0.80 run 4] Calcul MSD (H)...
[2026-02-27 13:56:14] [λ=0.80 run 4] calculateMSD.py H OK.
[2026-02-27 13:56:14] [λ=0.80 run 4] Run complet.
[2026-02-27 13:56:14] [λ=0.80 run 5] Préparé (seed=1377, cœurs=56-59)
[2026-02-27 13:56:14] [λ=0.80 run 5] Simulation DL_POLY démarrée...
[2026-02-27 13:56:14] [λ=0.90] C_O_B=1626.3000  H_O_B=459.7200
[2026-02-27 13:56:14] [λ=0.80 run 5] En attente du process DL_POLY (PID=563276)...
[2026-02-27 13:56:54] [λ=0.80 run 5] Simulation DL_POLY terminée.
[2026-02-27 13:56:54] [λ=0.80 run 5] Analyse thermodynamique...
[2026-02-27 13:56:54] [λ=0.80 run 5] thermoDynamics.py OK.
[2026-02-27 13:56:54] [λ=0.80 run 5] Calcul MSD (C)...
[2026-02-27 13:56:54] [λ=0.80 run 5] calculateMSD.py C OK.
[2026-02-27 13:56:54] [λ=0.80 run 5] Calcul MSD (H)...
[2026-02-27 13:56:54] [λ=0.80 run 5] calculateMSD.py H OK.
[2026-02-27 13:56:54] [λ=0.80 run 5] Run complet.
[2026-02-27 13:56:54] [λ=0.90 run 1] Préparé (seed=1378, cœurs=60-63)
[2026-02-27 13:56:54] [λ=0.90 run 1] Simulation DL_POLY démarrée...
[2026-02-27 13:56:54] [λ=0.90 run 1] En attente du process DL_POLY (PID=563361)...
[2026-02-27 13:57:35] [λ=0.90 run 1] Simulation DL_POLY terminée.
[2026-02-27 13:57:35] [λ=0.90 run 1] Analyse thermodynamique...
[2026-02-27 13:57:35] [λ=0.90 run 1] thermoDynamics.py OK.
[2026-02-27 13:57:35] [λ=0.90 run 1] Calcul MSD (C)...
[2026-02-27 13:57:35] [λ=0.90 run 1] calculateMSD.py C OK.
[2026-02-27 13:57:35] [λ=0.90 run 1] Calcul MSD (H)...
[2026-02-27 13:57:35] [λ=0.90 run 1] calculateMSD.py H OK.
[2026-02-27 13:57:35] [λ=0.90 run 1] Run complet.
[2026-02-27 13:57:35] [λ=0.90 run 2] Préparé (seed=1379, cœurs=64-67)
[2026-02-27 13:57:35] [λ=0.90 run 2] Simulation DL_POLY démarrée...
[2026-02-27 13:57:35] [λ=0.90 run 2] En attente du process DL_POLY (PID=563442)...
[2026-02-27 13:58:15] [λ=0.90 run 2] Simulation DL_POLY terminée.
[2026-02-27 13:58:15] [λ=0.90 run 2] Analyse thermodynamique...
[2026-02-27 13:58:15] [λ=0.90 run 2] thermoDynamics.py OK.
[2026-02-27 13:58:15] [λ=0.90 run 2] Calcul MSD (C)...
[2026-02-27 13:58:15] [λ=0.90 run 2] calculateMSD.py C OK.
[2026-02-27 13:58:15] [λ=0.90 run 2] Calcul MSD (H)...
[2026-02-27 13:58:15] [λ=0.90 run 2] calculateMSD.py H OK.
[2026-02-27 13:58:15] [λ=0.90 run 2] Run complet.
[2026-02-27 13:58:15] [λ=0.90 run 3] Préparé (seed=1380, cœurs=68-71)
[2026-02-27 13:58:15] [λ=0.90 run 3] Simulation DL_POLY démarrée...
[2026-02-27 13:58:15] [λ=0.90 run 3] En attente du process DL_POLY (PID=563515)...
[2026-02-27 13:58:55] [λ=0.90 run 3] Simulation DL_POLY terminée.
[2026-02-27 13:58:55] [λ=0.90 run 3] Analyse thermodynamique...
[2026-02-27 13:58:55] [λ=0.90 run 3] thermoDynamics.py OK.
[2026-02-27 13:58:55] [λ=0.90 run 3] Calcul MSD (C)...
[2026-02-27 13:58:55] [λ=0.90 run 3] calculateMSD.py C OK.
[2026-02-27 13:58:55] [λ=0.90 run 3] Calcul MSD (H)...
[2026-02-27 13:58:55] [λ=0.90 run 3] calculateMSD.py H OK.
[2026-02-27 13:58:55] [λ=0.90 run 3] Run complet.
[2026-02-27 13:58:55] [λ=0.90 run 4] Préparé (seed=1381, cœurs=72-75)
[2026-02-27 13:58:55] [λ=0.90 run 4] Simulation DL_POLY démarrée...
[2026-02-27 13:58:55] [λ=0.90 run 4] En attente du process DL_POLY (PID=563596)...
[2026-02-27 13:59:35] [λ=0.90 run 4] Simulation DL_POLY terminée.
[2026-02-27 13:59:35] [λ=0.90 run 4] Analyse thermodynamique...
[2026-02-27 13:59:35] [λ=0.90 run 4] thermoDynamics.py OK.
[2026-02-27 13:59:35] [λ=0.90 run 4] Calcul MSD (C)...
[2026-02-27 13:59:36] [λ=0.90 run 4] calculateMSD.py C OK.
[2026-02-27 13:59:36] [λ=0.90 run 4] Calcul MSD (H)...
[2026-02-27 13:59:36] [λ=0.90 run 4] calculateMSD.py H OK.
[2026-02-27 13:59:36] [λ=0.90 run 4] Run complet.
[2026-02-27 13:59:36] [λ=0.90 run 5] Préparé (seed=1382, cœurs=76-79)
[2026-02-27 13:59:36] [λ=0.90 run 5] Simulation DL_POLY démarrée...
[2026-02-27 13:59:36] [λ=1.00] C_O_B=1807.0000  H_O_B=510.8000
[2026-02-27 13:59:36] [λ=0.90 run 5] En attente du process DL_POLY (PID=563679)...
[2026-02-27 14:00:16] [λ=0.90 run 5] Simulation DL_POLY terminée.
[2026-02-27 14:00:16] [λ=0.90 run 5] Analyse thermodynamique...
[2026-02-27 14:00:16] [λ=0.90 run 5] thermoDynamics.py OK.
[2026-02-27 14:00:16] [λ=0.90 run 5] Calcul MSD (C)...
[2026-02-27 14:00:16] [λ=0.90 run 5] calculateMSD.py C OK.
[2026-02-27 14:00:16] [λ=0.90 run 5] Calcul MSD (H)...
[2026-02-27 14:00:16] [λ=0.90 run 5] calculateMSD.py H OK.
[2026-02-27 14:00:16] [λ=0.90 run 5] Run complet.
[2026-02-27 14:00:16] [λ=1.00 run 1] Préparé (seed=1383, cœurs=80-83)
[2026-02-27 14:00:16] [λ=1.00 run 1] Simulation DL_POLY démarrée...
[2026-02-27 14:00:16] [λ=1.00 run 1] En attente du process DL_POLY (PID=563755)...
[2026-02-27 14:00:56] [λ=1.00 run 1] Simulation DL_POLY terminée.
[2026-02-27 14:00:56] [λ=1.00 run 1] Analyse thermodynamique...
[2026-02-27 14:00:56] [λ=1.00 run 1] thermoDynamics.py OK.
[2026-02-27 14:00:56] [λ=1.00 run 1] Calcul MSD (C)...
[2026-02-27 14:00:56] [λ=1.00 run 1] calculateMSD.py C OK.
[2026-02-27 14:00:56] [λ=1.00 run 1] Calcul MSD (H)...
[2026-02-27 14:00:56] [λ=1.00 run 1] calculateMSD.py H OK.
[2026-02-27 14:00:56] [λ=1.00 run 1] Run complet.
[2026-02-27 14:00:56] [λ=1.00 run 2] Préparé (seed=1384, cœurs=84-87)
[2026-02-27 14:00:56] [λ=1.00 run 2] Simulation DL_POLY démarrée...
[2026-02-27 14:00:56] [λ=1.00 run 2] En attente du process DL_POLY (PID=563836)...
[2026-02-27 14:01:36] [λ=1.00 run 2] Simulation DL_POLY terminée.
[2026-02-27 14:01:36] [λ=1.00 run 2] Analyse thermodynamique...
[2026-02-27 14:01:36] [λ=1.00 run 2] thermoDynamics.py OK.
[2026-02-27 14:01:36] [λ=1.00 run 2] Calcul MSD (C)...
[2026-02-27 14:01:36] [λ=1.00 run 2] calculateMSD.py C OK.
[2026-02-27 14:01:36] [λ=1.00 run 2] Calcul MSD (H)...
[2026-02-27 14:01:36] [λ=1.00 run 2] calculateMSD.py H OK.
[2026-02-27 14:01:36] [λ=1.00 run 2] Run complet.
[2026-02-27 14:01:36] [λ=1.00 run 3] Préparé (seed=1385, cœurs=88-91)
[2026-02-27 14:01:36] [λ=1.00 run 3] Simulation DL_POLY démarrée...
[2026-02-27 14:01:37] [λ=1.00 run 3] En attente du process DL_POLY (PID=563928)...
[2026-02-27 14:02:17] [λ=1.00 run 3] Simulation DL_POLY terminée.
[2026-02-27 14:02:17] [λ=1.00 run 3] Analyse thermodynamique...
[2026-02-27 14:02:17] [λ=1.00 run 3] thermoDynamics.py OK.
[2026-02-27 14:02:17] [λ=1.00 run 3] Calcul MSD (C)...
[2026-02-27 14:02:17] [λ=1.00 run 3] calculateMSD.py C OK.
[2026-02-27 14:02:17] [λ=1.00 run 3] Calcul MSD (H)...
[2026-02-27 14:02:17] [λ=1.00 run 3] calculateMSD.py H OK.
[2026-02-27 14:02:17] [λ=1.00 run 3] Run complet.
[2026-02-27 14:02:17] [λ=1.00 run 4] Préparé (seed=1386, cœurs=92-95)
[2026-02-27 14:02:17] [λ=1.00 run 4] Simulation DL_POLY démarrée...
[2026-02-27 14:02:17] [λ=1.00 run 4] En attente du process DL_POLY (PID=564001)...
[2026-02-27 14:02:57] [λ=1.00 run 4] Simulation DL_POLY terminée.
[2026-02-27 14:02:57] [λ=1.00 run 4] Analyse thermodynamique...
[2026-02-27 14:02:57] [λ=1.00 run 4] thermoDynamics.py OK.
[2026-02-27 14:02:57] [λ=1.00 run 4] Calcul MSD (C)...
[2026-02-27 14:02:57] [λ=1.00 run 4] calculateMSD.py C OK.
[2026-02-27 14:02:57] [λ=1.00 run 4] Calcul MSD (H)...
[2026-02-27 14:02:57] [λ=1.00 run 4] calculateMSD.py H OK.
[2026-02-27 14:02:57] [λ=1.00 run 4] Run complet.
[2026-02-27 14:02:57] [λ=1.00 run 5] Préparé (seed=1387, cœurs=96-99)

50 simulations lancées. En attente de la fin...
[2026-02-27 14:02:57] [λ=1.00 run 5] Simulation DL_POLY démarrée...
[2026-02-27 14:02:57] [λ=1.00 run 5] En attente du process DL_POLY (PID=564079)...
[2026-02-27 14:03:37] [λ=1.00 run 5] Simulation DL_POLY terminée.
[2026-02-27 14:03:37] [λ=1.00 run 5] Analyse thermodynamique...
[2026-02-27 14:03:37] [λ=1.00 run 5] thermoDynamics.py OK.
[2026-02-27 14:03:37] [λ=1.00 run 5] Calcul MSD (C)...
[2026-02-27 14:03:37] [λ=1.00 run 5] calculateMSD.py C OK.
[2026-02-27 14:03:37] [λ=1.00 run 5] Calcul MSD (H)...
[2026-02-27 14:03:37] [λ=1.00 run 5] calculateMSD.py H OK.
[2026-02-27 14:03:37] [λ=1.00 run 5] Run complet.

======================================================
 Toutes les simulations sont terminées.
 Résultats dans : lambda_scan/
[2026-02-27 14:03:37] Scan terminé.
======================================================
